ARM Linker, 5.03 [Build 76] [MDK-ARM Standard]

==============================================================================

Section Cross References

    usb_bsp.o(.text) refers to stm32f10x_rcc.o(.text) for RCC_OTGFSCLKConfig
    usb_bsp.o(.text) refers to misc.o(.text) for NVIC_PriorityGroupConfig
    usb_bsp.o(.text) refers to os_time.o(.text) for OSTimeDlyHMSM
    usbd_cdc_vcp.o(.text) refers to usbd_cdc_core.o(.data) for APP_Rx_ptr_in
    usbd_cdc_vcp.o(.text) refers to usbd_cdc_core.o(.bss) for APP_Rx_Buffer
    usbd_cdc_vcp.o(.data) refers to usbd_cdc_vcp.o(.text) for VCP_Init
    usbd_desc.o(.text) refers to usbd_req.o(.text) for USBD_GetString
    usbd_desc.o(.text) refers to usbd_desc.o(.data) for .data
    usbd_desc.o(.text) refers to usbd_req.o(.bss) for USBD_StrDesc
    usbd_desc.o(.data) refers to usbd_desc.o(.text) for USBD_USR_DeviceDescriptor
    usbd_usr.o(.data) refers to usbd_usr.o(.text) for USBD_USR_Init
    usb_dcd_int.o(.text) refers to usb_core.o(.text) for USB_OTG_ReadDevAllInEPItr
    usb_dcd_int.o(.text) refers to usbd_core.o(.data) for USBD_DCD_INT_fops
    usb_core.o(.text) refers to usb_bsp.o(.text) for USB_OTG_BSP_uDelay
    usb_dcd.o(.text) refers to usb_core.o(.text) for USB_OTG_SelectCore
    usb_dcd.o(.text) refers to usb_bsp.o(.text) for USB_OTG_BSP_mDelay
    usbd_core.o(.text) refers to usb_bsp.o(.text) for USB_OTG_BSP_Init
    usbd_core.o(.text) refers to usb_dcd.o(.text) for DCD_Init
    usbd_core.o(.text) refers to usbd_req.o(.text) for USBD_ParseSetupRequest
    usbd_core.o(.text) refers to usbd_ioreq.o(.text) for USBD_CtlContinueRx
    usbd_core.o(.text) refers to usbd_core.o(.data) for .data
    usbd_core.o(.data) refers to usbd_core.o(.text) for USBD_DataOutStage
    usbd_core.o(.data) refers to usbd_core.o(.data) for USBD_DCD_INT_cb
    usbd_ioreq.o(.text) refers to usb_dcd.o(.text) for DCD_EP_Tx
    usbd_ioreq.o(.text) refers to usb_core.o(.text) for USB_OTG_EP0_OutStart
    usbd_req.o(.text) refers to usb_dcd.o(.text) for DCD_EP_Stall
    usbd_req.o(.text) refers to usb_core.o(.text) for USB_OTG_EP0_OutStart
    usbd_req.o(.text) refers to usbd_core.o(.text) for USBD_ClrCfg
    usbd_req.o(.text) refers to usbd_ioreq.o(.text) for USBD_CtlSendStatus
    usbd_req.o(.text) refers to usbd_req.o(.data) for .data
    usbd_req.o(.text) refers to usbd_core.o(.data) for SET_TEST_MODE
    usbd_cdc_core.o(.text) refers to usb_dcd.o(.text) for DCD_EP_Open
    usbd_cdc_core.o(.text) refers to usbd_req.o(.text) for USBD_CtlError
    usbd_cdc_core.o(.text) refers to usbd_ioreq.o(.text) for USBD_CtlPrepareRx
    usbd_cdc_core.o(.text) refers to usbd_desc.o(.data) for USBD_DeviceDesc
    usbd_cdc_core.o(.text) refers to usbd_cdc_vcp.o(.data) for VCP_fops
    usbd_cdc_core.o(.text) refers to usbd_cdc_core.o(.bss) for .bss
    usbd_cdc_core.o(.text) refers to usbd_cdc_core.o(.data) for .data
    usbd_cdc_core.o(.data) refers to usbd_cdc_core.o(.text) for usbd_cdc_Init
    stm32f10x_rcc.o(.text) refers to stm32f10x_rcc.o(.data) for .data
    stm32f10x_gpio.o(.text) refers to stm32f10x_rcc.o(.text) for RCC_APB2PeriphResetCmd
    stm32f10x_spi.o(.text) refers to stm32f10x_rcc.o(.text) for RCC_APB2PeriphResetCmd
    stm32f10x_usart.o(.text) refers to stm32f10x_rcc.o(.text) for RCC_APB2PeriphResetCmd
    startup_stm32f10x_cl.o(RESET) refers to startup_stm32f10x_cl.o(STACK) for __initial_sp
    startup_stm32f10x_cl.o(RESET) refers to startup_stm32f10x_cl.o(.text) for Reset_Handler
    startup_stm32f10x_cl.o(RESET) refers to stm32f10x_it.o(.text) for NMI_Handler
    startup_stm32f10x_cl.o(RESET) refers to os_cpu_a.o(.text) for PendSV_Handler
    startup_stm32f10x_cl.o(RESET) refers to os_cpu_c.o(.text) for SysTick_Handler
    startup_stm32f10x_cl.o(.text) refers to system_stm32f10x.o(.text) for SystemInit
    startup_stm32f10x_cl.o(.text) refers to entry.o(.ARM.Collect$$$$00000000) for __main
    system_stm32f10x.o(.text) refers to system_stm32f10x.o(.data) for .data
    os_driver.o(.text) refers to stm32f10x_rcc.o(.text) for RCC_GetClocksFreq
    cpu_c.o(.text) refers to cpu_a.o(.text) for CPU_SR_Save
    os_cpu_a.o(.text) refers to os_core.o(.data) for OSRunning
    os_cpu_a.o(.text) refers to os_cpu_c.o(.text) for OSTaskSwHook
    os_cpu_c.o(.text) refers to os_cpu_a.o(.text) for OS_CPU_SR_Save
    os_cpu_c.o(.text) refers to os_core.o(.text) for OSTimeTick
    os_cpu_c.o(.text) refers to os_driver.o(.text) for OS_CPU_SysTickClkFreq
    os_cpu_c.o(.text) refers to os_core.o(.data) for OSIntNesting
    os_core.o(.text) refers to os_cpu_a.o(.text) for OS_CPU_SR_Save
    os_core.o(.text) refers to os_task.o(.text) for OSTaskStkChk
    os_core.o(.text) refers to os_time.o(.text) for OSTimeDly
    os_core.o(.text) refers to os_cpu_c.o(.text) for OSTaskStatHook
    os_core.o(.text) refers to os_core.o(.data) for .data
    os_core.o(.text) refers to os_core.o(.bss) for .bss
    os_core.o(.text) refers to os_flag.o(.text) for OS_FlagInit
[...]
    ../clib/microlib/printf/printf.c         0x00000000   Number         0  printf0.o ABSOLUTE
    ../clib/microlib/printf/printf.c         0x00000000   Number         0  printfb.o ABSOLUTE
    ../clib/microlib/printf/printf.c         0x00000000   Number         0  printfa.o ABSOLUTE
    ../clib/microlib/printf/printf.c         0x00000000   Number         0  printf2.o ABSOLUTE
    ../clib/microlib/printf/printf.c         0x00000000   Number         0  printf8.o ABSOLUTE
    ../clib/microlib/printf/printf.c         0x00000000   Number         0  printf7.o ABSOLUTE
    ../clib/microlib/printf/printf.c         0x00000000   Number         0  printf6.o ABSOLUTE
    ../clib/microlib/printf/printf.c         0x00000000   Number         0  printf5.o ABSOLUTE
    ../clib/microlib/printf/printf.c         0x00000000   Number         0  printf4.o ABSOLUTE
    ../clib/microlib/printf/printf.c         0x00000000   Number         0  printf3.o ABSOLUTE
    ../clib/microlib/stdio/fputc.c           0x00000000   Number         0  fputc.o ABSOLUTE
    ../clib/microlib/stdio/semi.s            0x00000000   Number         0  semi.o ABSOLUTE
    ../clib/microlib/stdio/streams.c         0x00000000   Number         0  stdout.o ABSOLUTE
    ../clib/microlib/string/memcpy.c         0x00000000   Number         0  memcpyb.o ABSOLUTE
    ../clib/microlib/string/memcpy.c         0x00000000   Number         0  memcpya.o ABSOLUTE
    ../clib/microlib/stubs.s                 0x00000000   Number         0  iusesemip.o ABSOLUTE
    ../clib/microlib/stubs.s                 0x00000000   Number         0  iusefp.o ABSOLUTE
    ../fplib/microlib/f2d.c                  0x00000000   Number         0  f2d.o ABSOLUTE
    ../fplib/microlib/fpadd.c                0x00000000   Number         0  dadd.o ABSOLUTE
    ../fplib/microlib/fpdiv.c                0x00000000   Number         0  ddiv.o ABSOLUTE
    ../fplib/microlib/fpepilogue.c           0x00000000   Number         0  fepilogue.o ABSOLUTE
    ../fplib/microlib/fpepilogue.c           0x00000000   Number         0  depilogue.o ABSOLUTE
    ../fplib/microlib/fpfix.c                0x00000000   Number         0  dfixul.o ABSOLUTE
    ../fplib/microlib/fpfix.c                0x00000000   Number         0  dfixi.o ABSOLUTE
    ../fplib/microlib/fpflt.c                0x00000000   Number         0  dfltui.o ABSOLUTE
    ../fplib/microlib/fpflt.c                0x00000000   Number         0  fflti.o ABSOLUTE
    ../fplib/microlib/fpmul.c                0x00000000   Number         0  dmul.o ABSOLUTE
    ../fplib/microlib/fpscalb.c              0x00000000   Number         0  dscalb.o ABSOLUTE
    ..\Libraries\CMSIS\CM3\DeviceSupport\ST\STM32F10x\startup\arm\startup_stm32f10x_cl.s 0x00000000   Number         0  startup_stm32f10x_cl.o ABSOLUTE
    ..\Libraries\CMSIS\CM3\DeviceSupport\ST\STM32F10x\system_stm32f10x.c 0x00000000   Number         0  system_stm32f10x.o ABSOLUTE
    ..\Libraries\STM32F10x_StdPeriph_Driver\src\misc.c 0x00000000   Number         0  misc.o ABSOLUTE
    ..\Libraries\STM32F10x_StdPeriph_Driver\src\stm32f10x_exti.c 0x00000000   Number         0  stm32f10x_exti.o ABSOLUTE
    ..\Libraries\STM32F10x_StdPeriph_Driver\src\stm32f10x_flash.c 0x00000000   Number         0  stm32f10x_flash.o ABSOLUTE
    ..\Libraries\STM32F10x_StdPeriph_Driver\src\stm32f10x_gpio.c 0x00000000   Number         0  stm32f10x_gpio.o ABSOLUTE
    ..\Libraries\STM32F10x_StdPeriph_Driver\src\stm32f10x_rcc.c 0x00000000   Number         0  stm32f10x_rcc.o ABSOLUTE
    ..\Libraries\STM32F10x_StdPeriph_Driver\src\stm32f10x_spi.c 0x00000000   Number         0  stm32f10x_spi.o ABSOLUTE
    ..\Libraries\STM32F10x_StdPeriph_Driver\src\stm32f10x_usart.c 0x00000000   Number         0  stm32f10x_usart.o ABSOLUTE
    ..\Libraries\STM32_USB_Device_Library\Class\cdc\src\usbd_cdc_core.c 0x00000000   Number         0  usbd_cdc_core.o ABSOLUTE
    ..\Libraries\STM32_USB_Device_Library\Core\src\usbd_core.c 0x00000000   Number         0  usbd_core.o ABSOLUTE
    ..\Libraries\STM32_USB_Device_Library\Core\src\usbd_ioreq.c 0x00000000   Number         0  usbd_ioreq.o ABSOLUTE
    ..\Libraries\STM32_USB_Device_Library\Core\src\usbd_req.c 0x00000000   Number         0  usbd_req.o ABSOLUTE
    ..\Libraries\STM32_USB_OTG_Driver\src\usb_core.c 0x00000000   Number         0  usb_core.o ABSOLUTE
    ..\Libraries\STM32_USB_OTG_Driver\src\usb_dcd.c 0x00000000   Number         0  usb_dcd.o ABSOLUTE
    ..\Libraries\STM32_USB_OTG_Driver\src\usb_dcd_int.c 0x00000000   Number         0  usb_dcd_int.o ABSOLUTE
    ..\OS\os_driver.c                        0x00000000   Number         0  os_driver.o ABSOLUTE
    ..\OS\uC-CPU\Cortex-M3\RealView\cpu_a.asm 0x00000000   Number         0  cpu_a.o ABSOLUTE
    ..\OS\uC-CPU\Cortex-M3\RealView\cpu_c.c  0x00000000   Number         0  cpu_c.o ABSOLUTE
    ..\OS\uCOS-II\Ports\ARM-Cortex-M3\Generic\RealView\os_cpu_a.asm 0x00000000   Number         0  os_cpu_a.o ABSOLUTE
    ..\OS\uCOS-II\Ports\ARM-Cortex-M3\Generic\RealView\os_cpu_c.c 0x00000000   Number         0  os_cpu_c.o ABSOLUTE
    ..\OS\uCOS-II\Ports\ARM-Cortex-M3\Generic\RealView\os_dbg.c 0x00000000   Number         0  os_dbg.o ABSOLUTE
    ..\OS\uCOS-II\Source\os_core.c           0x00000000   Number         0  os_core.o ABSOLUTE
    ..\OS\uCOS-II\Source\os_flag.c           0x00000000   Number         0  os_flag.o ABSOLUTE
    ..\OS\uCOS-II\Source\os_mbox.c           0x00000000   Number         0  os_mbox.o ABSOLUTE
    ..\OS\uCOS-II\Source\os_mem.c            0x00000000   Number         0  os_mem.o ABSOLUTE
    ..\OS\uCOS-II\Source\os_mutex.c          0x00000000   Number         0  os_mutex.o ABSOLUTE
    ..\OS\uCOS-II\Source\os_q.c              0x00000000   Number         0  os_q.o ABSOLUTE
    ..\OS\uCOS-II\Source\os_sem.c            0x00000000   Number         0  os_sem.o ABSOLUTE
    ..\OS\uCOS-II\Source\os_task.c           0x00000000   Number         0  os_task.o ABSOLUTE
    ..\OS\uCOS-II\Source\os_time.c           0x00000000   Number         0  os_time.o ABSOLUTE
    ..\OS\uCOS-II\Source\os_tmr.c            0x00000000   Number         0  os_tmr.o ABSOLUTE
    ..\VCP\src\usb_bsp.c                     0x00000000   Number         0  usb_bsp.o ABSOLUTE
    ..\VCP\src\usbd_cdc_vcp.c                0x00000000   Number         0  usbd_cdc_vcp.o ABSOLUTE
    ..\VCP\src\usbd_desc.c                   0x00000000   Number         0  usbd_desc.o ABSOLUTE
    ..\VCP\src\usbd_usr.c                    0x00000000   Number         0  usbd_usr.o ABSOLUTE
    ..\app\app.c                             0x00000000   Number         0  app.o ABSOLUTE
    ..\app\ranging.c                         0x00000000   Number         0  ranging.o ABSOLUTE
    ..\app\stm32f10x_it.c                    0x00000000   Number         0  stm32f10x_it.o ABSOLUTE
    ..\bsp\bsp.c                             0x00000000   Number         0  bsp.o ABSOLUTE
    ..\bsp\decahard.c                        0x00000000   Number         0  decahard.o ABSOLUTE
    ..\decadriver\deca_device.c              0x00000000   Number         0  deca_device.o ABSOLUTE
    ..\decadriver\deca_params_init.c         0x00000000   Number         0  deca_params_init.o ABSOLUTE
    ..\decadriver\deca_range_tables.c        0x00000000   Number         0  deca_range_tables.o ABSOLUTE
    cdrcmple.s                               0x00000000   Number         0  cdrcmple.o ABSOLUTE
    dc.s                                     0x00000000   Number         0  dc.o ABSOLUTE
    handlers.s                               0x00000000   Number         0  handlers.o ABSOLUTE
    init.s                                   0x00000000   Number         0  init.o ABSOLUTE
    RESET                                    0x08000000   Section      336  startup_stm32f10x_cl.o(RESET)
    .ARM.Collect$$$$00000000                 0x08000150   Section        0  entry.o(.ARM.Collect$$$$00000000)
    .ARM.Collect$$$$00000001                 0x08000150   Section        4  entry2.o(.ARM.Collect$$$$00000001)
    .ARM.Collect$$$$00000004                 0x08000154   Section        4  entry5.o(.ARM.Collect$$$$00000004)
    .ARM.Collect$$$$00000008                 0x08000158   Section        0  entry7b.o(.ARM.Collect$$$$00000008)
    .ARM.Collect$$$$0000000A                 0x08000158   Section        0  entry8b.o(.ARM.Collect$$$$0000000A)
    .ARM.Collect$$$$0000000B                 0x08000158   Section        8  entry9a.o(.ARM.Collect$$$$0000000B)
    .ARM.Collect$$$$0000000D                 0x08000160   Section        0  entry10a.o(.ARM.Collect$$$$0000000D)
    .ARM.Collect$$$$0000000F                 0x08000160   Section        0  entry11a.o(.ARM.Collect$$$$0000000F)
    .ARM.Collect$$$$00002712                 0x08000160   Section        4  entry2.o(.ARM.Collect$$$$00002712)
    __lit__00000000                          0x08000160   Data           4  entry2.o(.ARM.Collect$$$$00002712)
    .text                                    0x08000164   Section        0  usb_bsp.o(.text)
    .text                                    0x080001c4   Section        0  usbd_cdc_vcp.o(.text)
    VCP_Init                                 0x080001c5   Thumb Code     4  usbd_cdc_vcp.o(.text)
    VCP_DeInit                               0x080001c9   Thumb Code     4  usbd_cdc_vcp.o(.text)
    VCP_Ctrl                                 0x080001cd   Thumb Code     4  usbd_cdc_vcp.o(.text)
    VCP_DataTx                               0x080001d1   Thumb Code    42  usbd_cdc_vcp.o(.text)
    VCP_DataRx                               0x080001fb   Thumb Code    14  usbd_cdc_vcp.o(.text)
    .text                                    0x08000210   Section        0  usbd_desc.o(.text)
    .text                                    0x08000320   Section        0  usbd_usr.o(.text)
    .text                                    0x08000330   Section        0  usb_dcd_int.o(.text)
    DCD_HandleInEP_ISR                       0x08000331   Thumb Code   198  usb_dcd_int.o(.text)
    DCD_HandleUsbReset_ISR                   0x080005b5   Thumb Code   128  usb_dcd_int.o(.text)
    DCD_HandleRxStatusQueueLevel_ISR         0x08000635   Thumb Code   124  usb_dcd_int.o(.text)
    DCD_WriteEmptyTxFifo                     0x080006b1   Thumb Code   110  usb_dcd_int.o(.text)
    DCD_HandleOutEP_ISR                      0x0800071f   Thumb Code   176  usb_dcd_int.o(.text)
    .text                                    0x080007d0   Section        0  usb_core.o(.text)
    USB_OTG_CoreReset                        0x080007d1   Thumb Code    84  usb_core.o(.text)
    .text                                    0x080010e8   Section        0  usb_dcd.o(.text)
    .text                                    0x0800134c   Section        0  usbd_core.o(.text)
    USBD_SetupStage                          0x08001383   Thumb Code    72  usbd_core.o(.text)
    USBD_DataOutStage                        0x080013cb   Thumb Code   118  usbd_core.o(.text)
    USBD_DataInStage                         0x08001441   Thumb Code   172  usbd_core.o(.text)
    USBD_Reset                               0x080014ed   Thumb Code    46  usbd_core.o(.text)
    USBD_Resume                              0x0800151b   Thumb Code    22  usbd_core.o(.text)
    USBD_Suspend                             0x08001531   Thumb Code    28  usbd_core.o(.text)
    USBD_SOF                                 0x0800154d   Thumb Code    16  usbd_core.o(.text)
    USBD_IsoINIncomplete                     0x08001585   Thumb Code    14  usbd_core.o(.text)
    USBD_IsoOUTIncomplete                    0x08001593   Thumb Code    14  usbd_core.o(.text)
    USBD_DevConnected                        0x080015a1   Thumb Code    22  usbd_core.o(.text)
    USBD_DevDisconnected                     0x080015b7   Thumb Code    32  usbd_core.o(.text)
    .text                                    0x080015dc   Section        0  usbd_ioreq.o(.text)
    .text                                    0x08001694   Section        0  usbd_req.o(.text)
    USBD_SetConfig                           0x080016b1   Thumb Code   112  usbd_req.o(.text)
    USBD_GetDescriptor                       0x08001721   Thumb Code   208  usbd_req.o(.text)
    USBD_SetFeature                          0x08001a7b   Thumb Code   124  usbd_req.o(.text)
    .text                                    0x08001afc   Section        0  usbd_cdc_core.o(.text)
    usbd_cdc_Init                            0x08001afd   Thumb Code    70  usbd_cdc_core.o(.text)
    usbd_cdc_DeInit                          0x08001b43   Thumb Code    36  usbd_cdc_core.o(.text)
    usbd_cdc_Setup                           0x08001b67   Thumb Code   176  usbd_cdc_core.o(.text)
    usbd_cdc_EP0_RxReady                     0x08001c17   Thumb Code    32  usbd_cdc_core.o(.text)
    usbd_cdc_DataIn                          0x08001c37   Thumb Code    68  usbd_cdc_core.o(.text)
    usbd_cdc_DataOut                         0x08001c7b   Thumb Code    42  usbd_cdc_core.o(.text)
    Handle_USBAsynchXfer                     0x08001ca5   Thumb Code    94  usbd_cdc_core.o(.text)
    usbd_cdc_SOF                             0x08001d03   Thumb Code    28  usbd_cdc_core.o(.text)
    USBD_cdc_GetCfgDesc                      0x08001d1f   Thumb Code    10  usbd_cdc_core.o(.text)
    .text                                    0x08001d38   Section        0  stm32f10x_rcc.o(.text)
    .text                                    0x080020a8   Section        0  stm32f10x_gpio.o(.text)
    .text                                    0x08002310   Section        0  stm32f10x_exti.o(.text)
    .text                                    0x08002404   Section        0  misc.o(.text)
    .text                                    0x080024b8   Section        0  stm32f10x_spi.o(.text)
    .text                                    0x0800276c   Section       36  startup_stm32f10x_cl.o(.text)
    .text                                    0x08002790   Section        0  system_stm32f10x.o(.text)
    SetSysClockTo72                          0x08002863   Thumb Code   138  system_stm32f10x.o(.text)
    .text                                    0x08002910   Section        0  os_driver.o(.text)
    .text                                    0x08002920   Section      164  os_cpu_a.o(.text)
    .text                                    0x080029c4   Section        0  os_cpu_c.o(.text)
    .text                                    0x08002a88   Section        0  os_dbg.o(.text)
    .text                                    0x08002a8c   Section        0  os_core.o(.text)
    OS_SchedNew                              0x080033ab   Thumb Code    24  os_core.o(.text)
    .text                                    0x080033d0   Section        0  os_flag.o(.text)
    OS_FlagTaskRdy                           0x080034d1   Thumb Code    80  os_flag.o(.text)
    OS_FlagBlock                             0x08003685   Thumb Code    88  os_flag.o(.text)
    .text                                    0x0800398c   Section        0  os_q.o(.text)
    .text                                    0x08003ea0   Section        0  os_task.o(.text)
    .text                                    0x08004504   Section        0  os_time.o(.text)
    .text                                    0x08004670   Section        0  deca_device.o(.text)
    .text                                    0x08005d2c   Section        0  app.o(.text)
    App_TaskStart                            0x08005d2d   Thumb Code   184  app.o(.text)
    .text                                    0x08005e3c   Section        0  ranging.o(.text)
    .text                                    0x0800608c   Section        0  stm32f10x_it.o(.text)
    .text                                    0x08006138   Section        0  bsp.o(.text)
    .text                                    0x080061dc   Section        0  decahard.o(.text)
    .text                                    0x08006420   Section        0  memcpya.o(.text)
    .text                                    0x08006444   Section        0  dscalb.o(.text)
    .text                                    0x08006472   Section        0  dfltui.o(.text)
    .text                                    0x0800648c   Section        0  llushr.o(.text)
    .text                                    0x080064ac   Section        0  iusefp.o(.text)
    .text                                    0x080064ac   Section        0  depilogue.o(.text)
    .text                                    0x0800656c   Section       36  init.o(.text)
    .text                                    0x08006590   Section        0  semi.o(.text)
    .text                                    0x08006590   Section        0  llshl.o(.text)
    .text                                    0x080065ae   Section        0  __dczerorl2.o(.text)
    .text                                    0x080065ae   Section        0  iusesemip.o(.text)
    i.__0printf$bare                         0x0800660c   Section        0  printfb.o(i.__0printf$bare)
    i.__scatterload_copy                     0x0800661c   Section       14  handlers.o(i.__scatterload_copy)
    i.__scatterload_null                     0x0800662a   Section        2  handlers.o(i.__scatterload_null)
    i.__scatterload_zeroinit                 0x0800662c   Section       14  handlers.o(i.__scatterload_zeroinit)
    i._printf_core                           0x0800663a   Section        0  printfb.o(i._printf_core)
    _printf_core                             0x0800663b   Thumb Code    34  printfb.o(i._printf_core)
    i.fputc                                  0x0800665c   Section        0  fputc.o(i.fputc)
    i.free                                   0x08006670   Section        0  malloc.o(i.free)
    i.malloc                                 0x080066c0   Section        0  malloc.o(i.malloc)
    .constdata                               0x0800672c   Section      256  os_core.o(.constdata)
    .constdata                               0x0800682c   Section       75  deca_device.o(.constdata)
    .constdata                               0x08006877   Section        8  deca_params_init.o(.constdata)
    .constdata                               0x08006880   Section       24  deca_params_init.o(.constdata)
    .constdata                               0x08006898   Section       30  deca_params_init.o(.constdata)
    .constdata                               0x080068b6   Section        1  deca_params_init.o(.constdata)
    .constdata                               0x080068b7   Section        2  deca_params_init.o(.constdata)
    .constdata                               0x080068bc   Section        8  deca_params_init.o(.constdata)
    .constdata                               0x080068c4   Section        3  deca_params_init.o(.constdata)
    .constdata                               0x080068c8   Section       12  deca_params_init.o(.constdata)
    .constdata                               0x080068d4   Section        4  deca_params_init.o(.constdata)
    .constdata                               0x080068d8   Section       32  deca_params_init.o(.constdata)
    .constdata                               0x080068f8   Section       50  deca_params_init.o(.constdata)
    .constdata                               0x0800692c   Section      223  ranging.o(.constdata)
    .data                                    0x20000000   Section       20  usbd_cdc_vcp.o(.data)
    .data                                    0x20000014   Section       28  usbd_desc.o(.data)
    .data                                    0x20000030   Section       22  usbd_desc.o(.data)
    .data                                    0x20000048   Section       28  usbd_usr.o(.data)
    .data                                    0x20000064   Section       44  usbd_core.o(.data)
    .data                                    0x20000090   Section        4  usbd_core.o(.data)
    .data                                    0x20000094   Section        4  usbd_core.o(.data)
    .data                                    0x20000098   Section       16  usbd_req.o(.data)
    cfgidx                                   0x20000098   Data           1  usbd_req.o(.data)
    .data                                    0x200000a8   Section      107  usbd_cdc_core.o(.data)
    usbd_cdc_AltSet                          0x200000ac   Data           4  usbd_cdc_core.o(.data)
    cdcCmd                                   0x200000bc   Data           4  usbd_cdc_core.o(.data)
    cdcLen                                   0x200000c0   Data           4  usbd_cdc_core.o(.data)
    FrameCount                               0x200000c4   Data           4  usbd_cdc_core.o(.data)
    .data                                    0x20000114   Section       44  usbd_cdc_core.o(.data)
    .data                                    0x20000140   Section       20  stm32f10x_rcc.o(.data)
    ADCPrescTable                            0x20000140   Data           4  stm32f10x_rcc.o(.data)
    APBAHBPrescTable                         0x20000144   Data          16  stm32f10x_rcc.o(.data)
    .data                                    0x20000154   Section       20  system_stm32f10x.o(.data)
    .data                                    0x20000168   Section       56  os_core.o(.data)
    .data                                    0x200001a0   Section        4  os_core.o(.data)
    .data                                    0x200001a4   Section        4  os_core.o(.data)
    .data                                    0x200001a8   Section        4  app.o(.data)
    .data                                    0x200001ac   Section        4  stdout.o(.data)
    .data                                    0x200001b0   Section        4  mvars.o(.data)
    .data                                    0x200001b4   Section        4  mvars.o(.data)
    .bss                                     0x200001b8   Section      255  usbd_req.o(.bss)
    .bss                                     0x200002b7   Section     2112  usbd_cdc_core.o(.bss)
    .bss                                     0x20000af8   Section     4480  os_core.o(.bss)
    .bss                                     0x20001c78   Section      140  os_core.o(.bss)
    .bss                                     0x20001d04   Section       96  os_core.o(.bss)
    .bss                                     0x20001d64   Section      120  deca_device.o(.bss)
    dw1000local                              0x20001d64   Data         120  deca_device.o(.bss)
    .bss                                     0x20001ddc   Section     3612  app.o(.bss)
    .bss                                     0x20002bf8   Section      100  ranging.o(.bss)
    HEAP                                     0x20002c60   Section      512  startup_stm32f10x_cl.o(HEAP)
    STACK                                    0x20002e60   Section     1024  startup_stm32f10x_cl.o(STACK)

    Global Symbols

    Symbol Name                              Value     Ov Type        Size  Object(Section)

    BuildAttributes$$THM_ISAv4$P$D$K$B$S$PE$A:L22UL41UL21$X:L11$S22US41US21$IEEE1$IW$USESV6$~STKCKD$USESV7$~SHL$OTIME$ROPI$EBA8$MICROLIB$REQ8$PRES8$EABIv2 0x00000000   Number         0  anon$$obj.o ABSOLUTE
    __ARM_use_no_argv                        0x00000000   Number         0  app.o ABSOLUTE
    __cpp_initialize__aeabi_                  - Undefined Weak Reference
    __cxa_finalize                            - Undefined Weak Reference
    _clock_init                               - Undefined Weak Reference
    _microlib_exit                            - Undefined Weak Reference
    __Vectors_Size                           0x00000150   Number         0  startup_stm32f10x_cl.o ABSOLUTE
    __Vectors                                0x08000000   Data           4  startup_stm32f10x_cl.o(RESET)
    __Vectors_End                            0x08000150   Data           0  startup_stm32f10x_cl.o(RESET)
    __main                                   0x08000151   Thumb Code     0  entry.o(.ARM.Collect$$$$00000000)
    _main_stk                                0x08000151   Thumb Code     0  entry2.o(.ARM.Collect$$$$00000001)
    _main_scatterload                        0x08000155   Thumb Code     0  entry5.o(.ARM.Collect$$$$00000004)
    __main_after_scatterload                 0x08000159   Thumb Code     0  entry5.o(.ARM.Collect$$$$00000004)
    _main_clock                              0x08000159   Thumb Code     0  entry7b.o(.ARM.Collect$$$$00000008)
    _main_cpp_init                           0x08000159   Thumb Code     0  entry8b.o(.ARM.Collect$$$$0000000A)
    _main_init                               0x08000159   Thumb Code     0  entry9a.o(.ARM.Collect$$$$0000000B)
    __rt_final_cpp                           0x08000161   Thumb Code     0  entry10a.o(.ARM.Collect$$$$0000000D)
    __rt_final_exit                          0x08000161   Thumb Code     0  entry11a.o(.ARM.Collect$$$$0000000F)
    USB_OTG_BSP_Init                         0x08000165   Thumb Code    20  usb_bsp.o(.text)
    USB_OTG_BSP_EnableInterrupt              0x08000179   Thumb Code    42  usb_bsp.o(.text)
    USB_OTG_BSP_uDelay                       0x080001a3   Thumb Code    22  usb_bsp.o(.text)
    USB_OTG_BSP_mDelay                       0x080001b9   Thumb Code    12  usb_bsp.o(.text)
    USBD_USR_DeviceDescriptor                0x08000211   Thumb Code     8  usbd_desc.o(.text)
    USBD_USR_LangIDStrDescriptor             0x08000219   Thumb Code    10  usbd_desc.o(.text)
    USBD_USR_ProductStrDescriptor            0x08000223   Thumb Code    22  usbd_desc.o(.text)
    USBD_USR_ManufacturerStrDescriptor       0x08000239   Thumb Code    16  usbd_desc.o(.text)
    USBD_USR_SerialStrDescriptor             0x08000249   Thumb Code    22  usbd_desc.o(.text)
    USBD_USR_ConfigStrDescriptor             0x0800025f   Thumb Code    16  usbd_desc.o(.text)
    USBD_USR_InterfaceStrDescriptor          0x0800026f   Thumb Code    16  usbd_desc.o(.text)
    USBD_USR_Init                            0x08000321   Thumb Code     2  usbd_usr.o(.text)
    USBD_USR_DeviceReset                     0x08000323   Thumb Code     2  usbd_usr.o(.text)
    USBD_USR_DeviceConfigured                0x08000325   Thumb Code     2  usbd_usr.o(.text)
    USBD_USR_DeviceSuspended                 0x08000327   Thumb Code     2  usbd_usr.o(.text)
    USBD_USR_DeviceResumed                   0x08000329   Thumb Code     2  usbd_usr.o(.text)
    USBD_USR_DeviceConnected                 0x0800032b   Thumb Code     2  usbd_usr.o(.text)
    USBD_USR_DeviceDisconnected              0x0800032d   Thumb Code     2  usbd_usr.o(.text)
    USBD_OTG_ISR_Handler                     0x080003f7   Thumb Code   446  usb_dcd_int.o(.text)
    USB_OTG_WritePacket                      0x08000825   Thumb Code    40  usb_core.o(.text)
    USB_OTG_ReadPacket                       0x0800084d   Thumb Code    32  usb_core.o(.text)
    USB_OTG_SelectCore                       0x0800086d   Thumb Code   188  usb_core.o(.text)
    USB_OTG_CoreInit                         0x08000929   Thumb Code   128  usb_core.o(.text)
    USB_OTG_EnableGlobalInt                  0x080009a9   Thumb Code    16  usb_core.o(.text)
    USB_OTG_DisableGlobalInt                 0x080009b9   Thumb Code    16  usb_core.o(.text)
    USB_OTG_FlushTxFifo                      0x080009c9   Thumb Code    62  usb_core.o(.text)
    USB_OTG_FlushRxFifo                      0x08000a07   Thumb Code    54  usb_core.o(.text)
    USB_OTG_SetCurrentMode                   0x08000a3d   Thumb Code    42  usb_core.o(.text)
    USB_OTG_GetMode                          0x08000a67   Thumb Code    10  usb_core.o(.text)
    USB_OTG_IsDeviceMode                     0x08000a71   Thumb Code    20  usb_core.o(.text)
    USB_OTG_IsHostMode                       0x08000a85   Thumb Code    16  usb_core.o(.text)
    USB_OTG_ReadCoreItr                      0x08000a95   Thumb Code    10  usb_core.o(.text)
    USB_OTG_ReadOtgItr                       0x08000a9f   Thumb Code     6  usb_core.o(.text)
    USB_OTG_InitDevSpeed                     0x08000aa5   Thumb Code    12  usb_core.o(.text)
    USB_OTG_EnableDevInt                     0x08000ab1   Thumb Code    74  usb_core.o(.text)
    USB_OTG_CoreInitDev                      0x08000afb   Thumb Code   302  usb_core.o(.text)
    USB_OTG_GetDeviceSpeed                   0x08000c29   Thumb Code    38  usb_core.o(.text)
    USB_OTG_EP0Activate                      0x08000c4f   Thumb Code    58  usb_core.o(.text)
    USB_OTG_EPActivate                       0x08000c89   Thumb Code    82  usb_core.o(.text)
    USB_OTG_EPDeactivate                     0x08000cdb   Thumb Code    52  usb_core.o(.text)
    USB_OTG_EPStartXfer                      0x08000d0f   Thumb Code   290  usb_core.o(.text)
    USB_OTG_EP0StartXfer                     0x08000e31   Thumb Code   180  usb_core.o(.text)
    USB_OTG_EPSetStall                       0x08000ee5   Thumb Code    48  usb_core.o(.text)
    USB_OTG_EPClearStall                     0x08000f15   Thumb Code    50  usb_core.o(.text)
    USB_OTG_ReadDevAllOutEp_itr              0x08000f47   Thumb Code    12  usb_core.o(.text)
    USB_OTG_ReadDevOutEP_itr                 0x08000f53   Thumb Code    16  usb_core.o(.text)
    USB_OTG_ReadDevAllInEPItr                0x08000f63   Thumb Code    12  usb_core.o(.text)
    USB_OTG_EP0_OutStart                     0x08000f6f   Thumb Code    32  usb_core.o(.text)
    USB_OTG_ActiveRemoteWakeup               0x08000f8f   Thumb Code    66  usb_core.o(.text)
    USB_OTG_UngateClock                      0x08000fd1   Thumb Code    30  usb_core.o(.text)
    USB_OTG_StopDevice                       0x08000fef   Thumb Code    72  usb_core.o(.text)
    USB_OTG_GetEPStatus                      0x08001037   Thumb Code    66  usb_core.o(.text)
    USB_OTG_SetEPStatus                      0x08001079   Thumb Code   106  usb_core.o(.text)
    DCD_Init                                 0x080010e9   Thumb Code   134  usb_dcd.o(.text)
    DCD_EP_Open                              0x0800116f   Thumb Code    60  usb_dcd.o(.text)
    DCD_EP_Close                             0x080011ab   Thumb Code    44  usb_dcd.o(.text)
    DCD_EP_PrepareRx                         0x080011d7   Thumb Code    58  usb_dcd.o(.text)
    DCD_EP_Tx                                0x08001211   Thumb Code    54  usb_dcd.o(.text)
    DCD_EP_Stall                             0x08001247   Thumb Code    56  usb_dcd.o(.text)
    DCD_EP_ClrStall                          0x0800127f   Thumb Code    56  usb_dcd.o(.text)
    DCD_EP_Flush                             0x080012b7   Thumb Code    24  usb_dcd.o(.text)
    DCD_EP_SetAddress                        0x080012cf   Thumb Code    16  usb_dcd.o(.text)
    DCD_DevConnect                           0x080012df   Thumb Code    16  usb_dcd.o(.text)
    DCD_DevDisconnect                        0x080012ef   Thumb Code    16  usb_dcd.o(.text)
    DCD_GetEPStatus                          0x080012ff   Thumb Code    38  usb_dcd.o(.text)
    DCD_SetEPStatus                          0x08001325   Thumb Code    38  usb_dcd.o(.text)
    USBD_DeInit                              0x0800134d   Thumb Code     4  usbd_core.o(.text)
    USBD_Init                                0x08001351   Thumb Code    50  usbd_core.o(.text)
    USBD_SetCfg                              0x0800155d   Thumb Code    26  usbd_core.o(.text)
    USBD_ClrCfg                              0x08001577   Thumb Code    14  usbd_core.o(.text)
    USBD_CtlSendData                         0x080015dd   Thumb Code    32  usbd_ioreq.o(.text)
    USBD_CtlContinueSendData                 0x080015fd   Thumb Code    18  usbd_ioreq.o(.text)
    USBD_CtlPrepareRx                        0x0800160f   Thumb Code    32  usbd_ioreq.o(.text)
    USBD_CtlContinueRx                       0x0800162f   Thumb Code    18  usbd_ioreq.o(.text)
    USBD_CtlSendStatus                       0x08001641   Thumb Code    34  usbd_ioreq.o(.text)
    USBD_CtlReceiveStatus                    0x08001663   Thumb Code    34  usbd_ioreq.o(.text)
    USBD_GetRxCount                          0x08001685   Thumb Code    16  usbd_ioreq.o(.text)
    USBD_CtlError                            0x08001695   Thumb Code    28  usbd_req.o(.text)
    USBD_StdDevReq                           0x080017f1   Thumb Code   242  usbd_req.o(.text)
    USBD_StdItfReq                           0x080018e3   Thumb Code    56  usbd_req.o(.text)
    USBD_StdEPReq                            0x0800191b   Thumb Code   210  usbd_req.o(.text)
    USBD_ParseSetupRequest                   0x080019ed   Thumb Code    68  usbd_req.o(.text)
    USBD_GetString                           0x08001a31   Thumb Code    74  usbd_req.o(.text)
    RCC_DeInit                               0x08001d39   Thumb Code    62  stm32f10x_rcc.o(.text)
    RCC_HSEConfig                            0x08001d77   Thumb Code    48  stm32f10x_rcc.o(.text)
    RCC_GetFlagStatus                        0x08001da7   Thumb Code    42  stm32f10x_rcc.o(.text)
    RCC_WaitForHSEStartUp                    0x08001dd1   Thumb Code    38  stm32f10x_rcc.o(.text)
    RCC_AdjustHSICalibrationValue            0x08001df7   Thumb Code    16  stm32f10x_rcc.o(.text)
    RCC_HSICmd                               0x08001e07   Thumb Code     6  stm32f10x_rcc.o(.text)
    RCC_PLLConfig                            0x08001e0d   Thumb Code    16  stm32f10x_rcc.o(.text)
    RCC_PLLCmd                               0x08001e1d   Thumb Code     6  stm32f10x_rcc.o(.text)
    RCC_PREDIV1Config                        0x08001e23   Thumb Code    18  stm32f10x_rcc.o(.text)
    RCC_PREDIV2Config                        0x08001e35   Thumb Code    14  stm32f10x_rcc.o(.text)
    RCC_PLL2Config                           0x08001e43   Thumb Code    14  stm32f10x_rcc.o(.text)
    RCC_PLL2Cmd                              0x08001e51   Thumb Code     6  stm32f10x_rcc.o(.text)
    RCC_PLL3Config                           0x08001e57   Thumb Code    14  stm32f10x_rcc.o(.text)
    RCC_PLL3Cmd                              0x08001e65   Thumb Code     6  stm32f10x_rcc.o(.text)
    RCC_SYSCLKConfig                         0x08001e6b   Thumb Code    14  stm32f10x_rcc.o(.text)
    RCC_GetSYSCLKSource                      0x08001e79   Thumb Code    10  stm32f10x_rcc.o(.text)
    RCC_HCLKConfig                           0x08001e83   Thumb Code    14  stm32f10x_rcc.o(.text)
    RCC_PCLK1Config                          0x08001e91   Thumb Code    14  stm32f10x_rcc.o(.text)
    RCC_PCLK2Config                          0x08001e9f   Thumb Code    16  stm32f10x_rcc.o(.text)
    RCC_ITConfig                             0x08001eaf   Thumb Code    18  stm32f10x_rcc.o(.text)
    RCC_OTGFSCLKConfig                       0x08001ec1   Thumb Code     6  stm32f10x_rcc.o(.text)
    RCC_ADCCLKConfig                         0x08001ec7   Thumb Code    14  stm32f10x_rcc.o(.text)
    RCC_I2S2CLKConfig                        0x08001ed5   Thumb Code     6  stm32f10x_rcc.o(.text)
    RCC_I2S3CLKConfig                        0x08001edb   Thumb Code     6  stm32f10x_rcc.o(.text)
    RCC_LSEConfig                            0x08001ee1   Thumb Code    26  stm32f10x_rcc.o(.text)
    RCC_LSICmd                               0x08001efb   Thumb Code     6  stm32f10x_rcc.o(.text)
    RCC_RTCCLKConfig                         0x08001f01   Thumb Code    10  stm32f10x_rcc.o(.text)
    RCC_RTCCLKCmd                            0x08001f0b   Thumb Code     6  stm32f10x_rcc.o(.text)
    RCC_GetClocksFreq                        0x08001f11   Thumb Code   182  stm32f10x_rcc.o(.text)
    RCC_AHBPeriphClockCmd                    0x08001fc7   Thumb Code    18  stm32f10x_rcc.o(.text)
    RCC_APB2PeriphClockCmd                   0x08001fd9   Thumb Code    18  stm32f10x_rcc.o(.text)
    RCC_APB1PeriphClockCmd                   0x08001feb   Thumb Code    18  stm32f10x_rcc.o(.text)
    RCC_AHBPeriphResetCmd                    0x08001ffd   Thumb Code    18  stm32f10x_rcc.o(.text)
    RCC_APB2PeriphResetCmd                   0x0800200f   Thumb Code    18  stm32f10x_rcc.o(.text)
    RCC_APB1PeriphResetCmd                   0x08002021   Thumb Code    18  stm32f10x_rcc.o(.text)
    RCC_BackupResetCmd                       0x08002033   Thumb Code     6  stm32f10x_rcc.o(.text)
    RCC_ClockSecuritySystemCmd               0x08002039   Thumb Code     6  stm32f10x_rcc.o(.text)
    RCC_MCOConfig                            0x0800203f   Thumb Code     6  stm32f10x_rcc.o(.text)
    RCC_ClearFlag                            0x08002045   Thumb Code    12  stm32f10x_rcc.o(.text)
    RCC_GetITStatus                          0x08002051   Thumb Code    16  stm32f10x_rcc.o(.text)
    RCC_ClearITPendingBit                    0x08002061   Thumb Code     6  stm32f10x_rcc.o(.text)
    GPIO_DeInit                              0x080020a9   Thumb Code   152  stm32f10x_gpio.o(.text)
    GPIO_AFIODeInit                          0x08002141   Thumb Code    22  stm32f10x_gpio.o(.text)
    GPIO_Init                                0x08002157   Thumb Code   156  stm32f10x_gpio.o(.text)
    GPIO_StructInit                          0x080021f3   Thumb Code    16  stm32f10x_gpio.o(.text)
    GPIO_ReadInputDataBit                    0x08002203   Thumb Code    14  stm32f10x_gpio.o(.text)
    GPIO_ReadInputData                       0x08002211   Thumb Code     6  stm32f10x_gpio.o(.text)
    GPIO_ReadOutputDataBit                   0x08002217   Thumb Code    14  stm32f10x_gpio.o(.text)
    GPIO_ReadOutputData                      0x08002225   Thumb Code     6  stm32f10x_gpio.o(.text)
    GPIO_SetBits                             0x0800222b   Thumb Code     4  stm32f10x_gpio.o(.text)
    GPIO_ResetBits                           0x0800222f   Thumb Code     4  stm32f10x_gpio.o(.text)
    GPIO_WriteBit                            0x08002233   Thumb Code    10  stm32f10x_gpio.o(.text)
    GPIO_Write                               0x0800223d   Thumb Code     4  stm32f10x_gpio.o(.text)
    GPIO_PinLockConfig                       0x08002241   Thumb Code    16  stm32f10x_gpio.o(.text)
    GPIO_EventOutputConfig                   0x08002251   Thumb Code    22  stm32f10x_gpio.o(.text)
    GPIO_EventOutputCmd                      0x08002267   Thumb Code     6  stm32f10x_gpio.o(.text)
    GPIO_PinRemapConfig                      0x0800226d   Thumb Code    82  stm32f10x_gpio.o(.text)
    GPIO_EXTILineConfig                      0x080022bf   Thumb Code    34  stm32f10x_gpio.o(.text)
    GPIO_ETH_MediaInterfaceConfig            0x080022e1   Thumb Code     6  stm32f10x_gpio.o(.text)
    EXTI_DeInit                              0x08002311   Thumb Code    18  stm32f10x_exti.o(.text)
    EXTI_Init                                0x08002323   Thumb Code   128  stm32f10x_exti.o(.text)
    EXTI_StructInit                          0x080023a3   Thumb Code    14  stm32f10x_exti.o(.text)
    EXTI_GenerateSWInterrupt                 0x080023b1   Thumb Code    12  stm32f10x_exti.o(.text)
    EXTI_GetFlagStatus                       0x080023bd   Thumb Code    16  stm32f10x_exti.o(.text)
    EXTI_ClearFlag                           0x080023cd   Thumb Code     6  stm32f10x_exti.o(.text)
    EXTI_GetITStatus                         0x080023d3   Thumb Code    26  stm32f10x_exti.o(.text)
    EXTI_ClearITPendingBit                   0x080023ed   Thumb Code     6  stm32f10x_exti.o(.text)
    NVIC_PriorityGroupConfig                 0x08002405   Thumb Code    10  misc.o(.text)
    NVIC_Init                                0x0800240f   Thumb Code    92  misc.o(.text)
    NVIC_SetVectorTable                      0x0800246b   Thumb Code    12  misc.o(.text)
    NVIC_SystemLPConfig                      0x08002477   Thumb Code    24  misc.o(.text)
    SysTick_CLKSourceConfig                  0x0800248f   Thumb Code    24  misc.o(.text)
    SPI_I2S_DeInit                           0x080024b9   Thumb Code    72  stm32f10x_spi.o(.text)
    SPI_Init                                 0x08002501   Thumb Code    56  stm32f10x_spi.o(.text)
    I2S_Init                                 0x08002539   Thumb Code   210  stm32f10x_spi.o(.text)
    SPI_StructInit                           0x0800260b   Thumb Code    24  stm32f10x_spi.o(.text)
    I2S_StructInit                           0x08002623   Thumb Code    18  stm32f10x_spi.o(.text)
    SPI_Cmd                                  0x08002635   Thumb Code    20  stm32f10x_spi.o(.text)
    I2S_Cmd                                  0x08002649   Thumb Code    20  stm32f10x_spi.o(.text)
    SPI_I2S_ITConfig                         0x0800265d   Thumb Code    24  stm32f10x_spi.o(.text)
    SPI_I2S_DMACmd                           0x08002675   Thumb Code    16  stm32f10x_spi.o(.text)
    SPI_I2S_SendData                         0x08002685   Thumb Code     4  stm32f10x_spi.o(.text)
    SPI_I2S_ReceiveData                      0x08002689   Thumb Code     4  stm32f10x_spi.o(.text)
    SPI_NSSInternalSoftwareConfig            0x0800268d   Thumb Code    24  stm32f10x_spi.o(.text)
    SPI_SSOutputCmd                          0x080026a5   Thumb Code    20  stm32f10x_spi.o(.text)
    SPI_DataSizeConfig                       0x080026b9   Thumb Code    16  stm32f10x_spi.o(.text)
    SPI_TransmitCRC                          0x080026c9   Thumb Code    10  stm32f10x_spi.o(.text)
    SPI_CalculateCRC                         0x080026d3   Thumb Code    20  stm32f10x_spi.o(.text)
    SPI_GetCRC                               0x080026e7   Thumb Code    12  stm32f10x_spi.o(.text)
    SPI_GetCRCPolynomial                     0x080026f3   Thumb Code     4  stm32f10x_spi.o(.text)
    SPI_BiDirectionalLineConfig              0x080026f7   Thumb Code    22  stm32f10x_spi.o(.text)
    SPI_I2S_GetFlagStatus                    0x0800270d   Thumb Code    14  stm32f10x_spi.o(.text)
    SPI_I2S_ClearFlag                        0x0800271b   Thumb Code     6  stm32f10x_spi.o(.text)
    SPI_I2S_GetITStatus                      0x08002721   Thumb Code    42  stm32f10x_spi.o(.text)
    SPI_I2S_ClearITPendingBit                0x0800274b   Thumb Code    14  stm32f10x_spi.o(.text)
    Reset_Handler                            0x0800276d   Thumb Code     8  startup_stm32f10x_cl.o(.text)
    ADC1_2_IRQHandler                        0x08002787   Thumb Code     0  startup_stm32f10x_cl.o(.text)
    CAN1_RX0_IRQHandler                      0x08002787   Thumb Code     0  startup_stm32f10x_cl.o(.text)
    CAN1_RX1_IRQHandler                      0x08002787   Thumb Code     0  startup_stm32f10x_cl.o(.text)
    CAN1_SCE_IRQHandler                      0x08002787   Thumb Code     0  startup_stm32f10x_cl.o(.text)
    CAN1_TX_IRQHandler                       0x08002787   Thumb Code     0  startup_stm32f10x_cl.o(.text)
    CAN2_RX0_IRQHandler                      0x08002787   Thumb Code     0  startup_stm32f10x_cl.o(.text)
    CAN2_RX1_IRQHandler                      0x08002787   Thumb Code     0  startup_stm32f10x_cl.o(.text)
    CAN2_SCE_IRQHandler                      0x08002787   Thumb Code     0  startup_stm32f10x_cl.o(.text)
    CAN2_TX_IRQHandler                       0x08002787   Thumb Code     0  startup_stm32f10x_cl.o(.text)
    DMA1_Channel1_IRQHandler                 0x08002787   Thumb Code     0  startup_stm32f10x_cl.o(.text)
    DMA1_Channel2_IRQHandler                 0x08002787   Thumb Code     0  startup_stm32f10x_cl.o(.text)
    DMA1_Channel3_IRQHandler                 0x08002787   Thumb Code     0  startup_stm32f10x_cl.o(.text)
    DMA1_Channel4_IRQHandler                 0x08002787   Thumb Code     0  startup_stm32f10x_cl.o(.text)
    DMA1_Channel5_IRQHandler                 0x08002787   Thumb Code     0  startup_stm32f10x_cl.o(.text)
    DMA1_Channel6_IRQHandler                 0x08002787   Thumb Code     0  startup_stm32f10x_cl.o(.text)
    DMA1_Channel7_IRQHandler                 0x08002787   Thumb Code     0  startup_stm32f10x_cl.o(.text)
    DMA2_Channel1_IRQHandler                 0x08002787   Thumb Code     0  startup_stm32f10x_cl.o(.text)
    DMA2_Channel2_IRQHandler                 0x08002787   Thumb Code     0  startup_stm32f10x_cl.o(.text)
    DMA2_Channel3_IRQHandler                 0x08002787   Thumb Code     0  startup_stm32f10x_cl.o(.text)
    DMA2_Channel4_IRQHandler                 0x08002787   Thumb Code     0  startup_stm32f10x_cl.o(.text)
    DMA2_Channel5_IRQHandler                 0x08002787   Thumb Code     0  startup_stm32f10x_cl.o(.text)
    ETH_IRQHandler                           0x08002787   Thumb Code     0  startup_stm32f10x_cl.o(.text)
    ETH_WKUP_IRQHandler                      0x08002787   Thumb Code     0  startup_stm32f10x_cl.o(.text)
    EXTI0_IRQHandler                         0x08002787   Thumb Code     0  startup_stm32f10x_cl.o(.text)
    EXTI15_10_IRQHandler                     0x08002787   Thumb Code     0  startup_stm32f10x_cl.o(.text)
    EXTI1_IRQHandler                         0x08002787   Thumb Code     0  startup_stm32f10x_cl.o(.text)
    EXTI2_IRQHandler                         0x08002787   Thumb Code     0  startup_stm32f10x_cl.o(.text)
    EXTI3_IRQHandler                         0x08002787   Thumb Code     0  startup_stm32f10x_cl.o(.text)
    EXTI4_IRQHandler                         0x08002787   Thumb Code     0  startup_stm32f10x_cl.o(.text)
    FLASH_IRQHandler                         0x08002787   Thumb Code     0  startup_stm32f10x_cl.o(.text)
    I2C1_ER_IRQHandler                       0x08002787   Thumb Code     0  startup_stm32f10x_cl.o(.text)
    I2C1_EV_IRQHandler                       0x08002787   Thumb Code     0  startup_stm32f10x_cl.o(.text)
    I2C2_ER_IRQHandler                       0x08002787   Thumb Code     0  startup_stm32f10x_cl.o(.text)
    I2C2_EV_IRQHandler                       0x08002787   Thumb Code     0  startup_stm32f10x_cl.o(.text)
    PVD_IRQHandler                           0x08002787   Thumb Code     0  startup_stm32f10x_cl.o(.text)
    RCC_IRQHandler                           0x08002787   Thumb Code     0  startup_stm32f10x_cl.o(.text)
    RTCAlarm_IRQHandler                      0x08002787   Thumb Code     0  startup_stm32f10x_cl.o(.text)
    RTC_IRQHandler                           0x08002787   Thumb Code     0  startup_stm32f10x_cl.o(.text)
    SPI1_IRQHandler                          0x08002787   Thumb Code     0  startup_stm32f10x_cl.o(.text)
    SPI2_IRQHandler                          0x08002787   Thumb Code     0  startup_stm32f10x_cl.o(.text)
    SPI3_IRQHandler                          0x08002787   Thumb Code     0  startup_stm32f10x_cl.o(.text)
    TAMPER_IRQHandler                        0x08002787   Thumb Code     0  startup_stm32f10x_cl.o(.text)
    TIM1_BRK_IRQHandler                      0x08002787   Thumb Code     0  startup_stm32f10x_cl.o(.text)
    TIM1_CC_IRQHandler                       0x08002787   Thumb Code     0  startup_stm32f10x_cl.o(.text)
    TIM1_TRG_COM_IRQHandler                  0x08002787   Thumb Code     0  startup_stm32f10x_cl.o(.text)
    TIM1_UP_IRQHandler                       0x08002787   Thumb Code     0  startup_stm32f10x_cl.o(.text)
    TIM2_IRQHandler                          0x08002787   Thumb Code     0  startup_stm32f10x_cl.o(.text)
    TIM3_IRQHandler                          0x08002787   Thumb Code     0  startup_stm32f10x_cl.o(.text)
    TIM4_IRQHandler                          0x08002787   Thumb Code     0  startup_stm32f10x_cl.o(.text)
    TIM5_IRQHandler                          0x08002787   Thumb Code     0  startup_stm32f10x_cl.o(.text)
    TIM6_IRQHandler                          0x08002787   Thumb Code     0  startup_stm32f10x_cl.o(.text)
    TIM7_IRQHandler                          0x08002787   Thumb Code     0  startup_stm32f10x_cl.o(.text)
    UART4_IRQHandler                         0x08002787   Thumb Code     0  startup_stm32f10x_cl.o(.text)
    UART5_IRQHandler                         0x08002787   Thumb Code     0  startup_stm32f10x_cl.o(.text)
    USART1_IRQHandler                        0x08002787   Thumb Code     0  startup_stm32f10x_cl.o(.text)
    USART2_IRQHandler                        0x08002787   Thumb Code     0  startup_stm32f10x_cl.o(.text)
    USART3_IRQHandler                        0x08002787   Thumb Code     0  startup_stm32f10x_cl.o(.text)
    WWDG_IRQHandler                          0x08002787   Thumb Code     0  startup_stm32f10x_cl.o(.text)
    SystemInit                               0x08002791   Thumb Code    76  system_stm32f10x.o(.text)
    SystemCoreClockUpdate                    0x080027dd   Thumb Code   134  system_stm32f10x.o(.text)
    OS_CPU_SysTickClkFreq                    0x08002911   Thumb Code    16  os_driver.o(.text)
    OS_CPU_SR_Save                           0x08002921   Thumb Code     0  os_cpu_a.o(.text)
    OS_CPU_SR_Restore                        0x08002929   Thumb Code     0  os_cpu_a.o(.text)
    OSStartHighRdy                           0x0800292f   Thumb Code     0  os_cpu_a.o(.text)
    OSCtxSw                                  0x0800294f   Thumb Code     0  os_cpu_a.o(.text)
    OSIntCtxSw                               0x08002959   Thumb Code     0  os_cpu_a.o(.text)
    PendSV_Handler                           0x08002963   Thumb Code     0  os_cpu_a.o(.text)
    OSInitHookBegin                          0x080029c5   Thumb Code     2  os_cpu_c.o(.text)
    OSInitHookEnd                            0x080029c7   Thumb Code     2  os_cpu_c.o(.text)
    OSTaskCreateHook                         0x080029c9   Thumb Code     2  os_cpu_c.o(.text)
    OSTaskDelHook                            0x080029cb   Thumb Code     2  os_cpu_c.o(.text)
    OSTaskIdleHook                           0x080029cd   Thumb Code     2  os_cpu_c.o(.text)
    OSTaskStatHook                           0x080029cf   Thumb Code     2  os_cpu_c.o(.text)
    OSTaskStkInit                            0x080029d1   Thumb Code   104  os_cpu_c.o(.text)
    OSTaskSwHook                             0x08002a39   Thumb Code     2  os_cpu_c.o(.text)
    OSTCBInitHook                            0x08002a3b   Thumb Code     2  os_cpu_c.o(.text)
    SysTick_Handler                          0x08002a3d   Thumb Code    30  os_cpu_c.o(.text)
    OS_CPU_SysTickInit                       0x08002a5b   Thumb Code    40  os_cpu_c.o(.text)
    OSDebugInit                              0x08002a89   Thumb Code     2  os_dbg.o(.text)
    OS_StrCopy                               0x08002a8d   Thumb Code    28  os_core.o(.text)
    OSEventNameGet                           0x08002aa9   Thumb Code    80  os_core.o(.text)
    OS_StrLen                                0x08002af9   Thumb Code    20  os_core.o(.text)
    OSEventNameSet                           0x08002b0d   Thumb Code    92  os_core.o(.text)
    OS_EventTaskRemoveMulti                  0x08002b69   Thumb Code    38  os_core.o(.text)
    OS_Sched                                 0x08002b8f   Thumb Code    64  os_core.o(.text)
    OS_EventTaskWaitMulti                    0x08002bcf   Thumb Code    86  os_core.o(.text)
    OSEventPendMulti                         0x08002c25   Thumb Code   448  os_core.o(.text)
    OS_TaskStatStkChk                        0x08002de5   Thumb Code    50  os_core.o(.text)
    OS_TaskStat                              0x08002e17   Thumb Code    82  os_core.o(.text)
    OS_TaskIdle                              0x08002e69   Thumb Code    22  os_core.o(.text)
    OS_MemClr                                0x08002e7f   Thumb Code    26  os_core.o(.text)
    OSInit                                   0x08002e99   Thumb Code   298  os_core.o(.text)
    OSIntEnter                               0x08002fc3   Thumb Code    20  os_core.o(.text)
    OSIntExit                                0x08002fd7   Thumb Code    84  os_core.o(.text)
    OSSchedLock                              0x0800302b   Thumb Code    38  os_core.o(.text)
    OSSchedUnlock                            0x08003051   Thumb Code    52  os_core.o(.text)
    OSStart                                  0x08003085   Thumb Code    40  os_core.o(.text)
    OSStatInit                               0x080030ad   Thumb Code    48  os_core.o(.text)
    OSTimeTick                               0x080030dd   Thumb Code   164  os_core.o(.text)
    OSVersion                                0x08003181   Thumb Code     6  os_core.o(.text)
    OS_Dummy                                 0x08003187   Thumb Code     2  os_core.o(.text)
    OS_EventTaskRemove                       0x08003189   Thumb Code    32  os_core.o(.text)
    OS_EventTaskRdy                          0x080031a9   Thumb Code   114  os_core.o(.text)
    OS_EventTaskWait                         0x0800321b   Thumb Code    72  os_core.o(.text)
    OS_EventWaitListInit                     0x08003263   Thumb Code    22  os_core.o(.text)
    OS_MemCopy                               0x08003279   Thumb Code    76  os_core.o(.text)
    OS_TCBInit                               0x080032c5   Thumb Code   230  os_core.o(.text)
    OSFlagAccept                             0x080033d1   Thumb Code   154  os_flag.o(.text)
    OSFlagCreate                             0x0800346b   Thumb Code    70  os_flag.o(.text)
    OS_FlagUnlink                            0x080034b1   Thumb Code    32  os_flag.o(.text)
    OSFlagDel                                0x08003521   Thumb Code   196  os_flag.o(.text)
    OSFlagNameGet                            0x080035e5   Thumb Code    74  os_flag.o(.text)
    OSFlagNameSet                            0x0800362f   Thumb Code    86  os_flag.o(.text)
    OSFlagPend                               0x080036dd   Thumb Code   358  os_flag.o(.text)
    OSFlagPendGetFlagsRdy                    0x08003843   Thumb Code    46  os_flag.o(.text)
    OSFlagPost                               0x08003871   Thumb Code   180  os_flag.o(.text)
    OSFlagQuery                              0x08003925   Thumb Code    38  os_flag.o(.text)
    OS_FlagInit                              0x0800394b   Thumb Code    58  os_flag.o(.text)
    OSQAccept                                0x0800398d   Thumb Code    78  os_q.o(.text)
    OSQCreate                                0x080039db   Thumb Code   116  os_q.o(.text)
    OSQDel                                   0x08003a4f   Thumb Code   230  os_q.o(.text)
    OSQFlush                                 0x08003b35   Thumb Code    28  os_q.o(.text)
    OSQPend                                  0x08003b51   Thumb Code   208  os_q.o(.text)
    OSQPendAbort                             0x08003c21   Thumb Code   108  os_q.o(.text)
    OSQPost                                  0x08003c8d   Thumb Code   106  os_q.o(.text)
    OSQPostFront                             0x08003cf7   Thumb Code   104  os_q.o(.text)
    OSQPostOpt                               0x08003d5f   Thumb Code   184  os_q.o(.text)
    OSQQuery                                 0x08003e17   Thumb Code    84  os_q.o(.text)
    OS_QInit                                 0x08003e6b   Thumb Code    44  os_q.o(.text)
    OSTaskChangePrio                         0x08003ea1   Thumb Code   296  os_task.o(.text)
    OSTaskCreate                             0x08003fc9   Thumb Code   124  os_task.o(.text)
    OS_TaskStkClr                            0x08004045   Thumb Code    22  os_task.o(.text)
    OSTaskCreateExt                          0x0800405b   Thumb Code   146  os_task.o(.text)
    OSTaskDel                                0x080040ed   Thumb Code   278  os_task.o(.text)
    OSTaskDelReq                             0x08004203   Thumb Code    82  os_task.o(.text)
    OSTaskNameGet                            0x08004255   Thumb Code   132  os_task.o(.text)
    OSTaskNameSet                            0x080042d9   Thumb Code   106  os_task.o(.text)
    OSTaskResume                             0x08004343   Thumb Code   124  os_task.o(.text)
    OSTaskStkChk                             0x080043bf   Thumb Code    98  os_task.o(.text)
    OSTaskSuspend                            0x08004421   Thumb Code   130  os_task.o(.text)
    OSTaskQuery                              0x080044a3   Thumb Code    74  os_task.o(.text)
    OSTimeDly                                0x08004505   Thumb Code    74  os_time.o(.text)
    OSTimeDlyHMSM                            0x0800454f   Thumb Code    88  os_time.o(.text)
    OSTimeDlyResume                          0x080045a7   Thumb Code   138  os_time.o(.text)
    OSTimeGet                                0x08004631   Thumb Code    18  os_time.o(.text)
    OSTimeSet                                0x08004643   Thumb Code    20  os_time.o(.text)
    dwt_readfromdevice                       0x08004671   Thumb Code    60  deca_device.o(.text)
    dwt_read32bitoffsetreg                   0x080046ad   Thumb Code    38  deca_device.o(.text)
    dwt_writetodevice                        0x080046d3   Thumb Code    64  deca_device.o(.text)
    _dwt_enableclocks                        0x08004713   Thumb Code   194  deca_device.o(.text)
    dwt_write32bitoffsetreg                  0x080047d5   Thumb Code    30  deca_device.o(.text)
    _dwt_loaducodefromrom                    0x080047f3   Thumb Code    72  deca_device.o(.text)
    _dwt_otpread                             0x0800483b   Thumb Code    70  deca_device.o(.text)
    dwt_readdevid                            0x08004881   Thumb Code     6  deca_device.o(.text)
    dwt_initialise                           0x08004887   Thumb Code   178  deca_device.o(.text)
    dwt_getpartid                            0x08004939   Thumb Code     8  deca_device.o(.text)
    dwt_getlotid                             0x08004941   Thumb Code     8  deca_device.o(.text)
    dwt_configuretxrf                        0x08004949   Thumb Code    28  deca_device.o(.text)
    dwt_getotptxpower                        0x08004965   Thumb Code    20  deca_device.o(.text)
    dwt_write16bitoffsetreg                  0x08004979   Thumb Code    26  deca_device.o(.text)
    dwt_settxantennadelay                    0x08004993   Thumb Code    14  deca_device.o(.text)
    dwt_setrxantennadelay                    0x080049a1   Thumb Code    16  deca_device.o(.text)
    dwt_xtaltrim                             0x080049b1   Thumb Code    48  deca_device.o(.text)
    _dwt_configlde                           0x080049e1   Thumb Code    48  deca_device.o(.text)
    dwt_configure                            0x08004a11   Thumb Code   546  deca_device.o(.text)
    dwt_readantennadelay                     0x08004c33   Thumb Code    16  deca_device.o(.text)
    dwt_writetxdata                          0x08004c43   Thumb Code    32  deca_device.o(.text)
    dwt_writetxfctrl                         0x08004c63   Thumb Code    78  deca_device.o(.text)
    dwt_readrxdata                           0x08004cb1   Thumb Code    16  deca_device.o(.text)
    dwt_readaccdata                          0x08004cc1   Thumb Code    34  deca_device.o(.text)
    dwt_read16bitoffsetreg                   0x08004ce3   Thumb Code    38  deca_device.o(.text)
    dwt_readdignostics                       0x08004d09   Thumb Code    92  deca_device.o(.text)
    dwt_readtxtimestamp                      0x08004d65   Thumb Code    10  deca_device.o(.text)
    dwt_readtxtimestamphi32                  0x08004d6f   Thumb Code     6  deca_device.o(.text)
    dwt_readtxtimestamplo32                  0x08004d75   Thumb Code     6  deca_device.o(.text)
    dwt_readrxtimestamp                      0x08004d7b   Thumb Code    10  deca_device.o(.text)
    dwt_readrxtimestamphi32                  0x08004d85   Thumb Code     6  deca_device.o(.text)
    dwt_readrxtimestamplo32                  0x08004d8b   Thumb Code     6  deca_device.o(.text)
    dwt_readsystimestamphi32                 0x08004d91   Thumb Code     6  deca_device.o(.text)
    dwt_readsystime                          0x08004d97   Thumb Code    10  deca_device.o(.text)
    dwt_enableframefilter                    0x08004da1   Thumb Code    52  deca_device.o(.text)
    dwt_setpanid                             0x08004dd5   Thumb Code     8  deca_device.o(.text)
    dwt_setaddress16                         0x08004ddd   Thumb Code     8  deca_device.o(.text)
    dwt_seteui                               0x08004de5   Thumb Code    10  deca_device.o(.text)
    dwt_geteui                               0x08004def   Thumb Code    10  deca_device.o(.text)
    _dwt_otpsetmrregs                        0x08004df9   Thumb Code   528  deca_device.o(.text)
    _dwt_otpprogword32                       0x08005009   Thumb Code   168  deca_device.o(.text)
    dwt_otpwriteandverify                    0x080050b1   Thumb Code    88  deca_device.o(.text)
    _dwt_aonconfigupload                     0x08005109   Thumb Code    40  deca_device.o(.text)
    _dwt_aonarrayupload                      0x08005131   Thumb Code    40  deca_device.o(.text)
    dwt_entersleep                           0x08005159   Thumb Code     2  deca_device.o(.text)
    dwt_configuresleepcnt                    0x0800515b   Thumb Code   140  deca_device.o(.text)
    dwt_calibratesleepcnt                    0x080051e7   Thumb Code   246  deca_device.o(.text)
    dwt_configuresleep                       0x080052dd   Thumb Code    32  deca_device.o(.text)
    dwt_entersleepaftertx                    0x080052fd   Thumb Code    36  deca_device.o(.text)
    dwt_spicswakeup                          0x08005321   Thumb Code    50  deca_device.o(.text)
    dwt_loadopsettabfromotp                  0x08005353   Thumb Code    70  deca_device.o(.text)
    dwt_setsmarttxpower                      0x08005399   Thumb Code    44  deca_device.o(.text)
    dwt_enableautoack                        0x080053c5   Thumb Code    36  deca_device.o(.text)
    dwt_setdblrxbuffmode                     0x080053e9   Thumb Code    38  deca_device.o(.text)
    dwt_setautorxreenable                    0x0800540f   Thumb Code    52  deca_device.o(.text)
    dwt_setrxaftertxdelay                    0x08005443   Thumb Code    34  deca_device.o(.text)
    dwt_setcallbacks                         0x08005465   Thumb Code     8  deca_device.o(.text)
    dwt_syncrxbufptrs                        0x0800546d   Thumb Code    52  deca_device.o(.text)
    dwt_forcetrxoff                          0x080054a1   Thumb Code    86  deca_device.o(.text)
    dwt_rxenable                             0x080054f7   Thumb Code    80  deca_device.o(.text)
    dwt_isr0                                 0x08005547   Thumb Code    68  deca_device.o(.text)
    dwt_isr                                  0x0800558b   Thumb Code   664  deca_device.o(.text)
    dwt_setleds                              0x08005823   Thumb Code   190  deca_device.o(.text)
    _dwt_checkclkplllock                     0x080058e1   Thumb Code    56  deca_device.o(.text)
    _dwt_disablesequencing                   0x08005919   Thumb Code    22  deca_device.o(.text)
    dwt_setdelayedtrxtime                    0x0800592f   Thumb Code    10  deca_device.o(.text)
    dwt_starttx                              0x08005939   Thumb Code   134  deca_device.o(.text)
    dwt_setrxmode                            0x080059bf   Thumb Code    24  deca_device.o(.text)
    dwt_setrxtimeout                         0x080059d7   Thumb Code    84  deca_device.o(.text)
    dwt_setpreambledetecttimeout             0x08005a2b   Thumb Code    10  deca_device.o(.text)
    dwt_setinterrupt                         0x08005a35   Thumb Code    48  deca_device.o(.text)
    dwt_configeventcounters                  0x08005a65   Thumb Code    46  deca_device.o(.text)
    dwt_readeventcounters                    0x08005a93   Thumb Code   126  deca_device.o(.text)
    dwt_softreset                            0x08005b11   Thumb Code   110  deca_device.o(.text)
    dwt_configcwmode                         0x08005b7f   Thumb Code   170  deca_device.o(.text)
    dwt_configcontinuousframemode            0x08005c29   Thumb Code    78  deca_device.o(.text)
    dwt_readtempvbat                         0x08005c77   Thumb Code   134  deca_device.o(.text)
    dwt_readwakeuptemp                       0x08005cfd   Thumb Code    20  deca_device.o(.text)
    dwt_readwakeupvbat                       0x08005d11   Thumb Code    20  deca_device.o(.text)
    main                                     0x08005de5   Thumb Code    50  app.o(.text)
    assert_failed                            0x08005e17   Thumb Code     2  app.o(.text)
    reset_DW1000                             0x08005e3d   Thumb Code    62  ranging.o(.text)
    loca_rxcallback                          0x08005e7b   Thumb Code    56  ranging.o(.text)
    powertest                                0x08005eb3   Thumb Code   156  ranging.o(.text)
    loca_txcallback                          0x08005f4f   Thumb Code     2  ranging.o(.text)
    dw1000_init                              0x08005f51   Thumb Code   168  ranging.o(.text)
    dw1000_config                            0x08005ff9   Thumb Code   118  ranging.o(.text)
    NMI_Handler                              0x0800608d   Thumb Code     2  stm32f10x_it.o(.text)
    HardFault_Handler                        0x0800608f   Thumb Code     2  stm32f10x_it.o(.text)
    MemManage_Handler                        0x08006091   Thumb Code     2  stm32f10x_it.o(.text)
    BusFault_Handler                         0x08006093   Thumb Code     2  stm32f10x_it.o(.text)
    UsageFault_Handler                       0x08006095   Thumb Code     2  stm32f10x_it.o(.text)
    SVC_Handler                              0x08006097   Thumb Code     2  stm32f10x_it.o(.text)
    DebugMon_Handler                         0x08006099   Thumb Code     2  stm32f10x_it.o(.text)
    OTG_FS_WKUP_IRQHandler                   0x0800609b   Thumb Code    40  stm32f10x_it.o(.text)
    OTG_FS_IRQHandler                        0x080060c3   Thumb Code     6  stm32f10x_it.o(.text)
    EXTI9_5_IRQHandler                       0x080060c9   Thumb Code   102  stm32f10x_it.o(.text)
    BSP_Init                                 0x08006139   Thumb Code    72  bsp.o(.text)
    BSP_DWTSpiSet                            0x08006181   Thumb Code    82  bsp.o(.text)
    decamutexoff                             0x080061dd   Thumb Code     2  decahard.o(.text)
    decamutexon                              0x080061df   Thumb Code     4  decahard.o(.text)
    writetospi                               0x080061e3   Thumb Code   138  decahard.o(.text)
    readfromspi                              0x0800626d   Thumb Code   138  decahard.o(.text)
    Reset_DW1000                             0x080062f7   Thumb Code     8  decahard.o(.text)
    Set_DW1000                               0x080062ff   Thumb Code     8  decahard.o(.text)
    dw1000_ioset                             0x08006307   Thumb Code   194  decahard.o(.text)
    dw1000_intset                            0x080063c9   Thumb Code    32  decahard.o(.text)
    dw1000_intenable                         0x080063e9   Thumb Code    32  decahard.o(.text)
    Sleep                                    0x08006409   Thumb Code    12  decahard.o(.text)
    __aeabi_memcpy                           0x08006421   Thumb Code    36  memcpya.o(.text)
    __aeabi_memcpy4                          0x08006421   Thumb Code     0  memcpya.o(.text)
    __aeabi_memcpy8                          0x08006421   Thumb Code     0  memcpya.o(.text)
    __ARM_scalbn                             0x08006445   Thumb Code    46  dscalb.o(.text)
    scalbn                                   0x08006445   Thumb Code     0  dscalb.o(.text)
    __aeabi_ui2d                             0x08006473   Thumb Code    26  dfltui.o(.text)
    __aeabi_llsr                             0x0800648d   Thumb Code    32  llushr.o(.text)
    _ll_ushift_r                             0x0800648d   Thumb Code     0  llushr.o(.text)
    __I$use$fp                               0x080064ad   Thumb Code     0  iusefp.o(.text)
    _double_round                            0x080064ad   Thumb Code    26  depilogue.o(.text)
    _double_epilogue                         0x080064c7   Thumb Code   164  depilogue.o(.text)
    __scatterload                            0x0800656d   Thumb Code    28  init.o(.text)
    __scatterload_rt2                        0x0800656d   Thumb Code     0  init.o(.text)
    __aeabi_llsl                             0x08006591   Thumb Code    30  llshl.o(.text)
    __semihosting_library_function           0x08006591   Thumb Code     0  semi.o(.text)
    _ll_shift_l                              0x08006591   Thumb Code     0  llshl.o(.text)
    __I$use$semihosting$fputc                0x080065af   Thumb Code     0  iusesemip.o(.text)
    __decompress                             0x080065af   Thumb Code     0  __dczerorl2.o(.text)
    __decompress1                            0x080065af   Thumb Code    92  __dczerorl2.o(.text)
    __0printf$bare                           0x0800660d   Thumb Code     8  printfb.o(i.__0printf$bare)
    __1printf$bare                           0x0800660d   Thumb Code     0  printfb.o(i.__0printf$bare)
    __2printf                                0x0800660d   Thumb Code     0  printfb.o(i.__0printf$bare)
    __scatterload_copy                       0x0800661d   Thumb Code    14  handlers.o(i.__scatterload_copy)
    __scatterload_null                       0x0800662b   Thumb Code     2  handlers.o(i.__scatterload_null)
    __scatterload_zeroinit                   0x0800662d   Thumb Code    14  handlers.o(i.__scatterload_zeroinit)
    fputc                                    0x0800665d   Thumb Code    18  fputc.o(i.fputc)
    free                                     0x08006671   Thumb Code    76  malloc.o(i.free)
    malloc                                   0x080066c1   Thumb Code    92  malloc.o(i.malloc)
    OSUnMapTbl                               0x0800672c   Data         256  os_core.o(.constdata)
    chan_idx                                 0x08006877   Data           8  deca_params_init.o(.constdata)
    tx_config                                0x08006880   Data          24  deca_params_init.o(.constdata)
    pll2_config                              0x08006898   Data          30  deca_params_init.o(.constdata)
    pll2calcfg                               0x080068b6   Data           1  deca_params_init.o(.constdata)
    rx_config                                0x080068b7   Data           2  deca_params_init.o(.constdata)
    agc_config                               0x080068bc   Data           8  deca_params_init.o(.constdata)
    dwnsSFDlen                               0x080068c4   Data           3  deca_params_init.o(.constdata)
    sftsh                                    0x080068c8   Data          12  deca_params_init.o(.constdata)
    dtune1                                   0x080068d4   Data           4  deca_params_init.o(.constdata)
    digital_bb_config                        0x080068d8   Data          32  deca_params_init.o(.constdata)
    lde_replicaCoeff                         0x080068f8   Data          50  deca_params_init.o(.constdata)
    txSpectrumConfig                         0x0800692c   Data          96  ranging.o(.constdata)
    Region$$Table$$Base                      0x08006a0c   Number         0  anon$$obj.o(Region$$Table)
    Region$$Table$$Limit                     0x08006a2c   Number         0  anon$$obj.o(Region$$Table)
    VCP_fops                                 0x20000000   Data          20  usbd_cdc_vcp.o(.data)
    USR_desc                                 0x20000014   Data          28  usbd_desc.o(.data)
    USBD_LangIDDesc                          0x20000030   Data           4  usbd_desc.o(.data)
    USBD_DeviceDesc                          0x20000034   Data          18  usbd_desc.o(.data)
    USR_cb                                   0x20000048   Data          28  usbd_usr.o(.data)
    USBD_DCD_INT_cb                          0x20000064   Data          44  usbd_core.o(.data)
    USBD_DCD_INT_fops                        0x20000090   Data           4  usbd_core.o(.data)
    SET_TEST_MODE                            0x20000094   Data           4  usbd_core.o(.data)
    USBD_ep_status                           0x2000009c   Data           4  usbd_req.o(.data)
    USBD_default_cfg                         0x200000a0   Data           4  usbd_req.o(.data)
    USBD_cfg_status                          0x200000a4   Data           4  usbd_req.o(.data)
    USB_Tx_State                             0x200000a8   Data           1  usbd_cdc_core.o(.data)
    APP_Rx_ptr_in                            0x200000b0   Data           4  usbd_cdc_core.o(.data)
    APP_Rx_ptr_out                           0x200000b4   Data           4  usbd_cdc_core.o(.data)
    APP_Rx_length                            0x200000b8   Data           4  usbd_cdc_core.o(.data)
    CmdBuff                                  0x200000c8   Data           8  usbd_cdc_core.o(.data)
    usbd_cdc_CfgDesc                         0x200000d0   Data          67  usbd_cdc_core.o(.data)
    USBD_CDC_cb                              0x20000114   Data          44  usbd_cdc_core.o(.data)
    SystemCoreClock                          0x20000154   Data           4  system_stm32f10x.o(.data)
    AHBPrescTable                            0x20000158   Data          16  system_stm32f10x.o(.data)
    OSCPUUsage                               0x20000168   Data           1  os_core.o(.data)
    OSStatRdy                                0x20000169   Data           1  os_core.o(.data)
    OSIntNesting                             0x2000016a   Data           1  os_core.o(.data)
    OSLockNesting                            0x2000016b   Data           1  os_core.o(.data)
    OSPrioCur                                0x2000016c   Data           1  os_core.o(.data)
    OSPrioHighRdy                            0x2000016d   Data           1  os_core.o(.data)
    OSRdyGrp                                 0x2000016e   Data           1  os_core.o(.data)
    OSRunning                                0x2000016f   Data           1  os_core.o(.data)
    OSTaskCtr                                0x20000170   Data           1  os_core.o(.data)
    OSTickStepState                          0x20000171   Data           1  os_core.o(.data)
    OSRdyTbl                                 0x20000172   Data           3  os_core.o(.data)
    OSCtxSwCtr                               0x20000178   Data           4  os_core.o(.data)
    OSEventFreeList                          0x2000017c   Data           4  os_core.o(.data)
    OSIdleCtrMax                             0x20000180   Data           4  os_core.o(.data)
    OSIdleCtrRun                             0x20000184   Data           4  os_core.o(.data)
    OSIdleCtr                                0x20000188   Data           4  os_core.o(.data)
    OSTCBCur                                 0x2000018c   Data           4  os_core.o(.data)
    OSTCBFreeList                            0x20000190   Data           4  os_core.o(.data)
    OSTCBHighRdy                             0x20000194   Data           4  os_core.o(.data)
    OSTCBList                                0x20000198   Data           4  os_core.o(.data)
    OSTime                                   0x2000019c   Data           4  os_core.o(.data)
    OSFlagFreeList                           0x200001a0   Data           4  os_core.o(.data)
    OSQFreeList                              0x200001a4   Data           4  os_core.o(.data)
    qmsg                                     0x200001a8   Data           4  app.o(.data)
    __stdout                                 0x200001ac   Data           4  stdout.o(.data)
    __microlib_freelist                      0x200001b0   Data           4  mvars.o(.data)
    __microlib_freelist_initialised          0x200001b4   Data           4  mvars.o(.data)
    USBD_StrDesc                             0x200001b8   Data         255  usbd_req.o(.bss)
    USB_Rx_Buffer                            0x200002b7   Data          64  usbd_cdc_core.o(.bss)
    APP_Rx_Buffer                            0x200002f7   Data        2048  usbd_cdc_core.o(.bss)
    OSEventTbl                               0x20000af8   Data         320  os_core.o(.bss)
    OSTaskStatStk                            0x20000c38   Data        1024  os_core.o(.bss)
    OSTaskIdleStk                            0x20001038   Data        1024  os_core.o(.bss)
    OSTCBPrioTbl                             0x20001438   Data          88  os_core.o(.bss)
    OSTCBTbl                                 0x20001490   Data        2024  os_core.o(.bss)
    OSFlagTbl                                0x20001c78   Data         140  os_core.o(.bss)
    OSQTbl                                   0x20001d04   Data          96  os_core.o(.bss)
    USB_OTG_dev                              0x20001ddc   Data        1524  app.o(.bss)
    App_TaskStartStk                         0x200023d0   Data        2048  app.o(.bss)
    qmsggrp                                  0x20002bd0   Data          40  app.o(.bss)
    databuf                                  0x20002bf8   Data         100  ranging.o(.bss)
    __heap_base                              0x20002c60   Data           0  startup_stm32f10x_cl.o(HEAP)
    __heap_limit                             0x20002e60   Data           0  startup_stm32f10x_cl.o(HEAP)
    __initial_sp                             0x20003260   Data           0  startup_stm32f10x_cl.o(STACK)



==============================================================================

Memory Map of the image

  Image Entry point : 0x08000151

  Load Region LR_IROM1 (Base: 0x08000000, Size: 0x00006be4, Max: 0x00040000, ABSOLUTE, COMPRESSED[0x00006b1c])

    Execution Region ER_IROM1 (Base: 0x08000000, Size: 0x00006a2c, Max: 0x00040000, ABSOLUTE)

    Base Addr    Size         Type   Attr      Idx    E Section Name        Object

    0x08000000   0x00000150   Data   RO          446    RESET               startup_stm32f10x_cl.o
    0x08000150   0x00000000   Code   RO          977  * .ARM.Collect$$$$00000000  mc_w.l(entry.o)
    0x08000150   0x00000004   Code   RO         1284    .ARM.Collect$$$$00000001  mc_w.l(entry2.o)
    0x08000154   0x00000004   Code   RO         1287    .ARM.Collect$$$$00000004  mc_w.l(entry5.o)
    0x08000158   0x00000000   Code   RO         1289    .ARM.Collect$$$$00000008  mc_w.l(entry7b.o)
    0x08000158   0x00000000   Code   RO         1291    .ARM.Collect$$$$0000000A  mc_w.l(entry8b.o)
    0x08000158   0x00000008   Code   RO         1292    .ARM.Collect$$$$0000000B  mc_w.l(entry9a.o)
    0x08000160   0x00000000   Code   RO         1294    .ARM.Collect$$$$0000000D  mc_w.l(entry10a.o)
    0x08000160   0x00000000   Code   RO         1296    .ARM.Collect$$$$0000000F  mc_w.l(entry11a.o)
    0x08000160   0x00000004   Code   RO         1285    .ARM.Collect$$$$00002712  mc_w.l(entry2.o)
    0x08000164   0x00000060   Code   RO            1    .text               usb_bsp.o
    0x080001c4   0x0000004c   Code   RO          176    .text               usbd_cdc_vcp.o
    0x08000210   0x00000110   Code   RO          198    .text               usbd_desc.o
    0x08000320   0x0000000e   Code   RO          222    .text               usbd_usr.o
    0x0800032e   0x00000002   PAD
    0x08000330   0x0000049e   Code   RO          241    .text               usb_dcd_int.o
    0x080007ce   0x00000002   PAD
    0x080007d0   0x00000918   Code   RO          257    .text               usb_core.o
    0x080010e8   0x00000262   Code   RO          270    .text               usb_dcd.o
    0x0800134a   0x00000002   PAD
    0x0800134c   0x00000290   Code   RO          282    .text               usbd_core.o
    0x080015dc   0x000000b8   Code   RO          303    .text               usbd_ioreq.o
    0x08001694   0x00000468   Code   RO          315    .text               usbd_req.o
    0x08001afc   0x0000023c   Code   RO          336    .text               usbd_cdc_core.o
    0x08001d38   0x00000370   Code   RO          370    .text               stm32f10x_rcc.o
    0x080020a8   0x00000268   Code   RO          384    .text               stm32f10x_gpio.o
    0x08002310   0x000000f4   Code   RO          396    .text               stm32f10x_exti.o
    0x08002404   0x000000b4   Code   RO          408    .text               misc.o
    0x080024b8   0x000002b4   Code   RO          420    .text               stm32f10x_spi.o
    0x0800276c   0x00000024   Code   RO          447    .text               startup_stm32f10x_cl.o
    0x08002790   0x00000180   Code   RO          452    .text               system_stm32f10x.o
    0x08002910   0x00000010   Code   RO          470    .text               os_driver.o
    0x08002920   0x000000a4   Code   RO          497    .text               os_cpu_a.o
    0x080029c4   0x000000c4   Code   RO          500    .text               os_cpu_c.o
    0x08002a88   0x00000002   Code   RO          519    .text               os_dbg.o
    0x08002a8a   0x00000002   PAD
    0x08002a8c   0x00000944   Code   RO          534    .text               os_core.o
    0x080033d0   0x000005bc   Code   RO          559    .text               os_flag.o
    0x0800398c   0x00000514   Code   RO          596    .text               os_q.o
    0x08003ea0   0x00000664   Code   RO          620    .text               os_task.o
    0x08004504   0x0000016c   Code   RO          633    .text               os_time.o
    0x08004670   0x000016bc   Code   RO          651    .text               deca_device.o
    0x08005d2c   0x00000110   Code   RO          731    .text               app.o
    0x08005e3c   0x00000250   Code   RO          910    .text               ranging.o
    0x0800608c   0x000000ac   Code   RO          933    .text               stm32f10x_it.o
    0x08006138   0x000000a4   Code   RO          952    .text               bsp.o
    0x080061dc   0x00000244   Code   RO          964    .text               decahard.o
    0x08006420   0x00000024   Code   RO          980    .text               mc_w.l(memcpya.o)
    0x08006444   0x0000002e   Code   RO         1274    .text               mf_w.l(dscalb.o)
    0x08006472   0x0000001a   Code   RO         1278    .text               mf_w.l(dfltui.o)
    0x0800648c   0x00000020   Code   RO         1305    .text               mc_w.l(llushr.o)
    0x080064ac   0x00000000   Code   RO         1309    .text               mc_w.l(iusefp.o)
    0x080064ac   0x000000be   Code   RO         1312    .text               mf_w.l(depilogue.o)
    0x0800656a   0x00000002   PAD
    0x0800656c   0x00000024   Code   RO         1322    .text               mc_w.l(init.o)
    0x08006590   0x00000000   Code   RO         1324    .text               mc_w.l(semi.o)
    0x08006590   0x0000001e   Code   RO         1325    .text               mc_w.l(llshl.o)
    0x080065ae   0x00000000   Code   RO         1329    .text               mc_w.l(iusesemip.o)
    0x080065ae   0x0000005c   Code   RO         1338    .text               mc_w.l(__dczerorl2.o)
    0x0800660a   0x00000002   PAD
    0x0800660c   0x00000010   Code   RO          985    i.__0printf$bare    mc_w.l(printfb.o)
    0x0800661c   0x0000000e   Code   RO         1332    i.__scatterload_copy  mc_w.l(handlers.o)
    0x0800662a   0x00000002   Code   RO         1333    i.__scatterload_null  mc_w.l(handlers.o)
    0x0800662c   0x0000000e   Code   RO         1334    i.__scatterload_zeroinit  mc_w.l(handlers.o)
    0x0800663a   0x00000022   Code   RO          992    i._printf_core      mc_w.l(printfb.o)
    0x0800665c   0x00000012   Code   RO         1298    i.fputc             mc_w.l(fputc.o)
    0x0800666e   0x00000002   PAD
    0x08006670   0x00000050   Code   RO         1244    i.free              mc_w.l(malloc.o)
    0x080066c0   0x0000006c   Code   RO         1245    i.malloc            mc_w.l(malloc.o)
    0x0800672c   0x00000100   Data   RO          538    .constdata          os_core.o
    0x0800682c   0x0000004b   Data   RO          654    .constdata          deca_device.o
    0x08006877   0x00000008   Data   RO          683    .constdata          deca_params_init.o
    0x0800687f   0x00000001   PAD
    0x08006880   0x00000018   Data   RO          684    .constdata          deca_params_init.o
    0x08006898   0x0000001e   Data   RO          685    .constdata          deca_params_init.o
    0x080068b6   0x00000001   Data   RO          686    .constdata          deca_params_init.o
    0x080068b7   0x00000002   Data   RO          687    .constdata          deca_params_init.o
    0x080068b9   0x00000003   PAD
    0x080068bc   0x00000008   Data   RO          688    .constdata          deca_params_init.o
    0x080068c4   0x00000003   Data   RO          689    .constdata          deca_params_init.o
    0x080068c7   0x00000001   PAD
    0x080068c8   0x0000000c   Data   RO          690    .constdata          deca_params_init.o
    0x080068d4   0x00000004   Data   RO          691    .constdata          deca_params_init.o
    0x080068d8   0x00000020   Data   RO          692    .constdata          deca_params_init.o
    0x080068f8   0x00000032   Data   RO          693    .constdata          deca_params_init.o
    0x0800692a   0x00000002   PAD
    0x0800692c   0x000000df   Data   RO          915    .constdata          ranging.o
    0x08006a0b   0x00000001   PAD
    0x08006a0c   0x00000020   Data   RO         1330    Region$$Table       anon$$obj.o


    Execution Region RW_IRAM1 (Base: 0x20000000, Size: 0x00003260, Max: 0x00010000, ABSOLUTE, COMPRESSED[0x000000f0])

    Base Addr    Size         Type   Attr      Idx    E Section Name        Object

    0x20000000   0x00000014   Data   RW          178    .data               usbd_cdc_vcp.o
    0x20000014   0x0000001c   Data   RW          199    .data               usbd_desc.o
    0x20000030   0x00000016   Data   RW          200    .data               usbd_desc.o
    0x20000046   0x00000002   PAD
    0x20000048   0x0000001c   Data   RW          223    .data               usbd_usr.o
    0x20000064   0x0000002c   Data   RW          283    .data               usbd_core.o
    0x20000090   0x00000004   Data   RW          284    .data               usbd_core.o
    0x20000094   0x00000004   Data   RW          285    .data               usbd_core.o
    0x20000098   0x00000010   Data   RW          317    .data               usbd_req.o
    0x200000a8   0x0000006b   Data   RW          339    .data               usbd_cdc_core.o
    0x20000113   0x00000001   PAD
    0x20000114   0x0000002c   Data   RW          340    .data               usbd_cdc_core.o
    0x20000140   0x00000014   Data   RW          371    .data               stm32f10x_rcc.o
    0x20000154   0x00000014   Data   RW          453    .data               system_stm32f10x.o
    0x20000168   0x00000038   Data   RW          539    .data               os_core.o
    0x200001a0   0x00000004   Data   RW          540    .data               os_core.o
    0x200001a4   0x00000004   Data   RW          541    .data               os_core.o
    0x200001a8   0x00000004   Data   RW          737    .data               app.o
    0x200001ac   0x00000004   Data   RW         1300    .data               mc_w.l(stdout.o)
    0x200001b0   0x00000004   Data   RW         1307    .data               mc_w.l(mvars.o)
    0x200001b4   0x00000004   Data   RW         1308    .data               mc_w.l(mvars.o)
    0x200001b8   0x000000ff   Zero   RW          316    .bss                usbd_req.o
    0x200002b7   0x00000840   Zero   RW          338    .bss                usbd_cdc_core.o
    0x20000af7   0x00000001   PAD
    0x20000af8   0x00001180   Zero   RW          535    .bss                os_core.o
    0x20001c78   0x0000008c   Zero   RW          536    .bss                os_core.o
    0x20001d04   0x00000060   Zero   RW          537    .bss                os_core.o
    0x20001d64   0x00000078   Zero   RW          652    .bss                deca_device.o
    0x20001ddc   0x00000e1c   Zero   RW          732    .bss                app.o
    0x20002bf8   0x00000064   Zero   RW          911    .bss                ranging.o
    0x20002c5c   0x00000004   PAD
    0x20002c60   0x00000200   Zero   RW          445    HEAP                startup_stm32f10x_cl.o
    0x20002e60   0x00000400   Zero   RW          444    STACK               startup_stm32f10x_cl.o


==============================================================================

Image component sizes


      Code (inc. data)   RO Data    RW Data    ZI Data      Debug   Object Name

       272         36          0          4       3612      44722   app.o
       164         10          0          0          0        677   bsp.o
      5820        134         75          0        120      26313   deca_device.o
         0          0        174          0          0       1624   deca_params_init.o
       580         12          0          0          0       2882   decahard.o
       180         18          0          0          0       1885   misc.o
      2372         78        256         64       4716      19645   os_core.o
       164         32          0          0          0        328   os_cpu_a.o
       196          6          0          0          0      12393   os_cpu_c.o
         2          0          0          0          0        442   os_dbg.o
        16          0          0          0          0        464   os_driver.o
      1468         34          0          0          0       7430   os_flag.o
      1300         32          0          0          0       5897   os_q.o
      1636         64          0          0          0       7419   os_task.o
       364         26          0          0          0       1894   os_time.o
       592         30        223          0        100       2580   ranging.o
        36          8        336          0       1536        856   startup_stm32f10x_cl.o
       244         18          0          0          0       2395   stm32f10x_exti.o
       616         42          0          0          0       5945   stm32f10x_gpio.o
       172         10          0          0          0       1503   stm32f10x_it.o
       880         66          0         20          0      11310   stm32f10x_rcc.o
       692         20          0          0          0       7018   stm32f10x_spi.o
       384         36          0         20          0       2127   system_stm32f10x.o
        96          0          0          0          0     297903   usb_bsp.o
      2328         18          0          0          0      12914   usb_core.o
       610          0          0          0          0       4284   usb_dcd.o
      1182         16          0          0          0       5007   usb_dcd_int.o
       572         16          0        151       2112       5460   usbd_cdc_core.o
        76          8          0         20          0       1685   usbd_cdc_vcp.o
       656          6          0         52          0       5644   usbd_core.o
       272        162          0         50          0       3360   usbd_desc.o
       184          0          0          0          0       2522   usbd_ioreq.o
      1128         38          0         16        255       5185   usbd_req.o
        14          0          0         28          0       1269   usbd_usr.o

    ----------------------------------------------------------------------
     25276        976       1104        428      12456     512982   Object Totals
         0          0         32          0          0          0   (incl. Generated)
         8          0          8          3          5          0   (incl. Padding)

    ----------------------------------------------------------------------

      Code (inc. data)   RO Data    RW Data    ZI Data      Debug   Library Member Name

        92          0          0          0          0          0   __dczerorl2.o
         0          0          0          0          0          0   entry.o
         0          0          0          0          0          0   entry10a.o
         0          0          0          0          0          0   entry11a.o
         8          4          0          0          0          0   entry2.o
         4          0          0          0          0          0   entry5.o
         0          0          0          0          0          0   entry7b.o
         0          0          0          0          0          0   entry8b.o
         8          4          0          0          0          0   entry9a.o
        18          0          0          0          0         80   fputc.o
        30          0          0          0          0          0   handlers.o
        36          8          0          0          0         68   init.o
         0          0          0          0          0          0   iusefp.o
         0          0          0          0          0          0   iusesemip.o
        30          0          0          0          0         68   llshl.o
        32          0          0          0          0         68   llushr.o
       188         20          0          0          0        160   malloc.o
        36          0          0          0          0         68   memcpya.o
         0          0          0          8          0          0   mvars.o
        50          8          0          0          0        152   printfb.o
         0          0          0          0          0          0   semi.o
         0          0          0          4          0          0   stdout.o
       190          0          0          0          0        176   depilogue.o
        26          0          0          0          0         76   dfltui.o
        46          0          0          0          0         80   dscalb.o

    ----------------------------------------------------------------------
       800         44          0         12          0        996   Library Totals
         6          0          0          0          0          0   (incl. Padding)

    ----------------------------------------------------------------------

      Code (inc. data)   RO Data    RW Data    ZI Data      Debug   Library Name

       532         44          0         12          0        664   mc_w.l
       262          0          0          0          0        332   mf_w.l

    ----------------------------------------------------------------------
       800         44          0         12          0        996   Library Totals

    ----------------------------------------------------------------------

==============================================================================


      Code (inc. data)   RO Data    RW Data    ZI Data      Debug   

     26076       1020       1104        440      12456     509714   Grand Totals
     26076       1020       1104        240      12456     509714   ELF Image Totals (compressed)
     26076       1020       1104        240          0          0   ROM Totals

==============================================================================

    Total RO  Size (Code + RO Data)                27180 (  26.54kB)
    Total RW  Size (RW Data + ZI Data)             12896 (  12.59kB)
    Total ROM Size (Code + RO Data + RW Data)      27420 (  26.78kB)

==============================================================================

