<html>
<body>
<pre>
<h1>µVision Build Log</h1>
<h2>Project:</h2>
E:\work\UWB\code\newproj\MDK\loca_proj.uvproj
Project File Date:  04/08/2014

<h2>Output:</h2>
Rebuild target 'ranging'
compiling usb_bsp.c...
compiling usbd_cdc_vcp.c...
compiling usbd_desc.c...
compiling usbd_usr.c...
compiling usb_dcd_int.c...
compiling usb_core.c...
compiling usb_dcd.c...
compiling usbd_core.c...
compiling usbd_ioreq.c...
compiling usbd_req.c...
compiling usbd_cdc_core.c...
compiling stm32f10x_flash.c...
compiling stm32f10x_rcc.c...
compiling stm32f10x_gpio.c...
compiling stm32f10x_exti.c...
compiling misc.c...
compiling stm32f10x_spi.c...
compiling stm32f10x_usart.c...
assembling startup_stm32f10x_cl.s...
compiling system_stm32f10x.c...
compiling os_driver.c...
assembling cpu_a.asm...
compiling cpu_c.c...
assembling os_cpu_a.asm...
compiling os_cpu_c.c...
compiling os_dbg.c...
compiling os_core.c...
compiling os_flag.c...
compiling os_mbox.c...
compiling os_mem.c...
compiling os_mutex.c...
compiling os_q.c...
compiling os_sem.c...
compiling os_task.c...
compiling os_time.c...
compiling os_tmr.c...
compiling deca_device.c...
..\decadriver\deca_device.c(565): warning:  #161-D: unrecognized #pragma
  #pragma GCC optimize ("O3")
..\decadriver\deca_device.c(607): warning:  #161-D: unrecognized #pragma
  #pragma GCC optimize ("O3")
..\decadriver\deca_device.c(647): warning:  #161-D: unrecognized #pragma
  #pragma GCC optimize ("O3")
..\decadriver\deca_device.c(733): warning:  #161-D: unrecognized #pragma
  #pragma GCC optimize ("O3")
..\decadriver\deca_device.c(750): warning:  #161-D: unrecognized #pragma
  #pragma GCC optimize ("O3")
..\decadriver\deca_device.c(767): warning:  #161-D: unrecognized #pragma
  #pragma GCC optimize ("O3")
..\decadriver\deca_device.c(785): warning:  #161-D: unrecognized #pragma
  #pragma GCC optimize ("O3")
..\decadriver\deca_device.c(801): warning:  #161-D: unrecognized #pragma
  #pragma GCC optimize ("O3")
..\decadriver\deca_device.c(817): warning:  #161-D: unrecognized #pragma
  #pragma GCC optimize ("O3")
..\decadriver\deca_device.c(834): warning:  #161-D: unrecognized #pragma
  #pragma GCC optimize ("O3")
..\decadriver\deca_device.c(853): warning:  #161-D: unrecognized #pragma
  #pragma GCC optimize ("O3")
..\decadriver\deca_device.c(883): warning:  #161-D: unrecognized #pragma
  #pragma GCC optimize ("O3")
..\decadriver\deca_device.c(951): warning:  #161-D: unrecognized #pragma
  #pragma GCC optimize ("O3")
..\decadriver\deca_device.c(1011): warning:  #161-D: unrecognized #pragma
  #pragma GCC optimize ("O3")
..\decadriver\deca_device.c(1014): warning:  #68-D: integer conversion resulted in a change of sign
      uint32  regval = DWT_ERROR ;
..\decadriver\deca_device.c(1044): warning:  #161-D: unrecognized #pragma
  #pragma GCC optimize ("O3")
..\decadriver\deca_device.c(1047): warning:  #68-D: integer conversion resulted in a change of sign
      uint16  regval = DWT_ERROR ;
..\decadriver\deca_device.c(1074): warning:  #161-D: unrecognized #pragma
  #pragma GCC optimize ("O3")
..\decadriver\deca_device.c(1103): warning:  #161-D: unrecognized #pragma
  #pragma GCC optimize ("O3")
..\decadriver\deca_device.c(1393): warning:  #223-D: function "Sleep" declared implicitly
      Sleep(10);
..\decadriver\deca_device.c(1448): warning:  #223-D: function "printf" declared implicitly
          printf("OTP PROG 32: ERROR VPP NOT OK, programming will fail. Are MR/MRA/MRB set?\n");
..\decadriver\deca_device.c(1449): warning:  #68-D: integer conversion resulted in a change of sign
          return DWT_ERROR;
..\decadriver\deca_device.c(1474): warning:  #223-D: function "Sleep" declared implicitly
                Sleep(1);
..\decadriver\deca_device.c(1663): warning:  #223-D: function "Sleep" declared implicitly
      Sleep(1);
..\decadriver\deca_device.c(1810): warning:  #223-D: function "Sleep" declared implicitly
          Sleep(5);
..\decadriver\deca_device.c(1873): warning:  #223-D: function "Sleep" declared implicitly
      Sleep(1); // Allow time for code to upload (should take up to 120 us)
..\decadriver\deca_device.c(2093): warning:  #177-D: variable "len" was declared but never referenced
                uint16_t len;
..\decadriver\deca_device.c(2094): warning:  #177-D: variable "data" was declared but never referenced
                uint8_t data;
..\decadriver\deca_device.c(3012): warning:  #223-D: function "Sleep" declared implicitly
      Sleep(1);
..\decadriver\deca_device.c: 29 warnings, 0 errors
compiling deca_params_init.c...
compiling deca_range_tables.c...
compiling app.c...
..\app\app.c(150): warning:  #188-D: enumerated type mixed with another type
        temp.config.chan = 2;
..\app\app.c: 1 warning, 0 errors
compiling ranging.c...
..\app\ranging.c(212): warning:  #188-D: enumerated type mixed with another type
      configData.chan = 2 ;
..\app\ranging.c(259): warning:  #111-D: statement is unreachable
        return DWT_SUCCESS ;
..\app\ranging.c(199): warning:  #550-D: variable "pow" was set but never used
        uint8_t pow;
..\app\ranging.c(272): warning:  #223-D: function "dw1000_ioset" declared implicitly
        dw1000_ioset();
..\app\ranging.c(273): warning:  #223-D: function "dw1000_intset" declared implicitly
        dw1000_intset();
..\app\ranging.c: 5 warnings, 0 errors
compiling stm32f10x_it.c...
compiling bsp.c...
compiling decahard.c...
linking...
Program Size: Code=34852 RO-data=1220 RW-data=444 ZI-data=13028  
".\ranging\ranging.axf" - 0 Error(s), 35 Warning(s).
Load "E:\\work\\UWB\\code\\newproj\\MDK\\ranging\\ranging.axf" 
Set JLink Project File to "E:\work\UWB\code\newproj\MDK\JLinkSettings.ini"
* JLink Info: Device "STM32F105RC" selected (256 KB flash, 64 KB RAM).
 
JLink info:
------------
DLL: V4.76e, compiled Sep 20 2013 16:06:28
Firmware: J-Link ARM V7 compiled Jun 20 2012 19:45:53
Hardware: V7.00
S/N : 13470377 
Feature(s) : RDI, FlashBP, FlashDL, JFlash, GDBFull 
 
* JLink Info: TotalIRLen = 9, IRPrint = 0x0011
* JLink Info: TotalIRLen = 9, IRPrint = 0x0011
* JLink Info: Found Cortex-M3 r1p1, Little endian.
* JLink Info: FPUnit: 6 code (BP) slots and 2 literal slots
* JLink Info: TPIU fitted.
* JLink Info: ETM fitted.
ROMTableAddr = 0xE00FF003
 
Target info:
------------
Device: STM32F105RC
VTarget = 3.300V
State of Pins: 
TCK: 1, TDI: 0, TDO: 1, TMS: 0, TRES: 1, TRST: 1
Hardware-Breakpoints: 6
Software-Breakpoints: 8192
Watchpoints:          4
JTAG speed: 2000 kHz
 
Erase Done.
Programming Done.
Verify OK.
</pre>
</body>
</html>
3.248V
State of Pins: 
TCK: 1, TDI: 0, TDO: 1, TMS: 0, TRES: 1, TRST: 1
Hardware-Breakpoints: 6
Software-Breakpoints: 8192
Watchpoints:          4
JTAG speed: 2000 kHz
 
Erase Done.
Programming Done.
Verify OK.
